Compiling Release test module (121 production sources)…
PASSED ProjectFileArchiveTests: PASS: 56 project file layout, daily records, move recovery, file ownership, trash, and backup checks
PASSED ExplorerTransferTests: PASS: 99 Explorer transfer checks; native representations, projects, preservation, Undo, asynchronous destinations and failures.
PASSED ExplorerQueryTests: PASS: 24 Explorer filtering, grouping and persistence checks
PASSED CaptureProvenanceTests: PASS: 66 provenance checks; legacy records, truthful origins, bounded manual ledger, compact grouping, rollback, conversion, recurrence, restart, backup, day/week exports and readable sidecars.
PASSED TaskFocusTests: PASS: 79 task focus, local schedule, lifecycle, recovery and draft checks; synthetic archive only.
PASSED ProjectPickerTests: PASS: 23 shared project picker and scope checks
PASSED QuickAccessTests: PASS: 26 quick access checks
PASSED ProductFoundationTests: PASS: 65 connected product foundation checks
PASSED ConnectedWorkflowTests: PASS: 19 connected capture, client collection, clipboard reuse, task planning, restart and backup scenarios
PASSED WorkInboxTests: PASS: 45 work inbox checks
PASSED WorkspaceTests: PASS: 48 workspace, clipboard, scratchpad, collection and ZIP checks
PASSED ManualCaptureLifecycleTests: PASS: 20 manual capture lifecycle checks (private named pasteboards)
PASSED ArchiveRecoveryTests: PASS: 61 recoverable-trash and archive backup/restore assertions
PASSED ArchiveBackupTests: PASS: 24 workspace backup, conflict, rollback, restart, and legacy checks.
PASSED ThemeSettingsTests: PASS: 621 theme settings checks
PASSED PrivacyInformationTests: PASS: 37 privacy information checks
PASSED DomainTests: PASS: 218 assertions; 10 search fixtures; managed-copy reopen, immutable dates, import compensation and interruption recovery.
PASSED ArchiveLayoutTests: PASS: 50 archive layout, provenance, exact-content, edit preservation, and path safety checks
PASSED ArchiveStoreTests: PASS: 116 archive-store integration assertions; dated originals, readable records, updates, migration, legacy/current recovery, retryable mirror failure, and single-publication incremental inserts.
PASSED DeferredArchiveRepairTests: PASS: 16 deferred archive readiness, cancellation, recovery, edit, and deletion checks.
PASSED RepositoryBatchTests: PASS: 10 repository batching, duplicate, mixed-update, rollback, and restart checks.
PASSED CaptureRemovalTests: PASS: 76 capture removal/minimize checks
PASSED ServiceTests: PASS: 61 service checks (isolated store, fake notifications, no network).
PASSED QAStorageScopedSaveTests: PASS: 22 scoped-storage assertions; touched-record saves, no-op previews, transaction rollback, reminder retry, retained archive warnings, and 1,000-record benchmark.
PASSED QALifecycleTests: PASS: 22 lifecycle/cache checks; isolated event centers, store and fake notifications, no network.
PASSED ApplicationLifecycleTests: PASS: 62 application lifecycle checks; isolated preferences, events, pointer samples and fake notifications, no focus or personal data.
PASSED PreviewLifecycleTests: PASS: 130 preview cancellation/shutdown checks; isolated callbacks, preferences and archive only
PASSED TaskStateTests: PASS: 131 task workflow checks; isolated store and fake notifications.
PASSED TaskPlanningTests: PASS: 39 task planning checks; synthetic local archive only.
PASSED CaptureActionTests: PASS: 31 capture action checks; confirmation, minimize, search, draft cleanup and delayed reminder deletion in an isolated archive.
PASSED CaptureClipboardTests: PASS: 29 capture clipboard checks; text, links, tasks, files, batches, native types and failures.
PASSED ClipboardRetentionTests: PASS: 25 clipboard retention, recovery, protected-work, and note-capture checks.
PASSED CaptureTaskConversionTests: PASS: 173 capture-to-task checks; originals, legacy data, persistence, atomic failure, drafts, routes, filters, carryover, reminders and receipt exports.
PASSED LocalContentSearchTests: PASS: 91 local content-search checks; schema compatibility, persistence, OCR snippets, filters, scopes, task conversion, queueing, cancellation, shutdown, removal, retry, native Vision/PDF/text extraction and privacy boundaries.
PASSED LocalDOCXTextExtractorTests: PASS: 138 local DOCX checks; paragraphs/tables/Unicode, strict OOXML, stored/deflated ZIP, descriptors, CRC/size/path guards, bounded inflation/XML, entity rejection, cancellation and no remote/converter loading.
PASSED SearchScopeStateTests: PASS: 126 scoped-search checks; project/type/source intersection, live attachment inheritance, capture-day ranges, scratchpads, DST and Back restoration
PASSED HourlyGroupingTests: PASS: 31 hourly grouping checks; action identity, fourth-action threshold, filters, fixed local hours, stable IDs and accessible collapse.
PASSED DayExportTests: PASS: 78 day/week export checks; deterministic content, fixed date scopes, cutoff, grouping and UTF-8 identity.
PASSED DayExportUITests: PASS: 30 export UI checks; day/week copy and download, ordered header actions, popover presentation, feedback, cancellation, failure and exact bytes.
PASSED WeeklyStateTests: PASS: 145 weekly state checks; isolated store, local calendar, fake notifications.
PASSED InputTests: PASS: 136 input lifecycle checks (private named pasteboards; general clipboard untouched)
PASSED AutoCaptureServiceTests: PASS: 75 auto-capture service checks
PASSED AutoCaptureRobotPresenterTests: PASS: 82 automatic-capture robot presenter checks
PASSED AutoCaptureRobotCelebrationTests: PASS: 1397 auto-capture celebration rotation and performance checks
PASSED SoftwareUpdateTests: PASS: 34 software update checks; no external network, installed app or user archive used.
PASSED UpdateConfigurationTests: PASS: 41 update-channel configuration checks
PASSED RobotMotionTests: PASS: 40 robot motion and personality checks
PASSED IslandRobotChoreographyTests: PASS: 28695 island choreography contact, timing, and envelope checks
PASSED RobotLifecycleTests: PASS: 38 robot lifecycle checks
PASSED RobotAppFrameTests: PASS: 88 robot application frame geometry, gaze and lifecycle checks
PASSED QuietOrbitRenderTests: PASS: 91 Quiet Orbit artwork, idle, reaction, burst-count, cleanup, and Reduce Motion checks passed. /private/tmp/dabin-full-qa-20261004/native/build/qa/quiet-orbit
PASSED RobotProjectSignRenderTests: PASS: 63 native recording-board checks; renders: /private/tmp/dabin-full-qa-20261004/docs/qa/project-recording-sign-compact-2026-10-03/renders
PASSED AutoCaptureSignMotionTests: Auto capture sign motion checks passed: 2587
PASSED AutoCaptureSignPresenterTests: PASS: 75 typed Auto Capture sign presenter, queue, interruption, privacy and service receipt checks
PASSED AutoCaptureSignRenderTests: PASS: 305 native confirmation-sign checks; renders: /private/tmp/dabin-full-qa-20261004/docs/qa/auto-capture-sign-2026-10-03/renders
PASSED CapturePreviewPerformanceTests: PASS: 15 bounded background preview/cache checks; no main-thread decode
PASSED BoredRobotArtworkTests: PASS: 12 canonical empty-state robot hosting, static rendering and cleanup checks
PASSED TooltipBehaviorTests: PASS: 158 tooltip delay, cancellation, preference, suppression, active-only anchors and clamped-layout checks
PASSED SearchDateBoardTests: PASS: 44 date search grouping, chronology, note semantics, context counts and bounded paging checks
PASSED SearchResultExcerptTests: PASS: 21 search result excerpt bounds, matching evidence, labels and Unicode checks
PASSED ProjectWorkspaceStateTests: PASS: 253 project-workspace checks; stable ordering, scoped selection, complete project counts, backup-compatible persistence, atomic task conversion, inherited ownership and guarded undo.
PASSED ProjectWorkspaceExportTests: PASS: 49 project ZIP, ordering, metadata, notes, scope, safe publication, missing-original, and private clipboard checks
PASSED ProjectWorkspaceViewTests: PASS: 209 project workspace UI checks; 1,000 synthetic text captures plus image and editable project note; native mixed-selection drag payloads on a private pasteboard; no personal archive, network, general clipboard or external opening. At most 25 simultaneously materialized native rows.
PASSED ProjectWorkspaceCardTests: PASS: 263 project card checks; Task/Note/Capture semantics, real live task updates, light/dark/grid/320-point compact fixtures, original previews and independent selection; no personal archive, clipboard, network, or external opening.
PASSED RedesignInteractionTests: PASS: 76 native redesign interaction checks
PASSED WindowResizeInteractionTests: PASS: 32 native window resize and movement interaction checks; 1 attached displays
PASSED WindowTests: PASS: 187 window checks across 1 real screen(s); no cursor synthesis, clipboard access, network or notification permission.
PASSED WeeklyWindowTests
PASSED FilterResizeTests
PASSED RobotDropTests: PASS: 117 robot drop checks (private pasteboards, isolated archive, native destination callbacks and corner panels)
PASSED DailyCaptureTests: PASS: 156 Daily capture checks (private pasteboards, local archive, native drop callbacks, shortcut/editor routing and controller integration)
PASSED HeaderInteractionTests: PASS: 219 native labeled-header accessibility and interaction checks
PASSED WorkspaceWindowTests: PASS: 241 native workspace interaction and responsive layout checks
PASSED RobotWindowTransitionTests
PASSED DetailPreviewInteractionTests: PASS: 110 detail-preview native open-action checks; no external app launched
PASSED CaptureTimestampPresentationTests: Capture timestamp presentation QA passed: 129 checks; original receipt formatting, compact date-before-category cards, enlarged detail date navigation. Evidence: /private/tmp/dabin-full-qa-20261004/native/build/qa/capture-timestamp
PASSED RobotVisualConsistencyTests: PASS: 106 robot visual consistency, native frame layout, click-through, and Reduce Motion checks. /private/tmp/dabin-full-qa-20261004/native/build/qa/robot-visual-consistency
PASSED NativeTooltipPreferenceTests: PASS: 30 native tooltip preference, persistence, accessibility, drag interaction, and lifecycle checks
PASSED TooltipPresentationTests: PASS: 146 native tooltip visibility, actual anchors, preference, focus and click-through checks. /private/tmp/dabin-full-qa-20261004/native/build/qa/tooltips
PASSED RobotCloseVisualTests: PASS: 1356 actual robot opening/closing motion, presentation, reversal, cleanup and encoded video checks. /private/tmp/dabin-full-qa-20261004/native/build/qa/robot-close-visual/3E5DE13E-06DE-4F38-BAEE-EF57E57AA6D4
PASSED CollectionCardPresentationTests: PASS: 350 collection selection, layout, native preview, theme, AX expansion and data preservation checks. /private/tmp/dabin-full-qa-20261004/native/build/qa/collection-card-presentation/33674E25-BC60-44B4-90B8-C115CB7A5C8D
PASSED TaskTimerRobotTests: PASS: 162 task timer title, geometry, presenter, durable expiry, integration, native 2x artwork and acknowledgment checks. /private/tmp/dabin-full-qa-20261004/native/build/qa/task-timer-robot/A3D8BFE6-71B0-4BC7-AF45-D33A7FEF741B
PASSED ExplorerCaptureCardPresentationTests: PASS: 267 Explorer native preview, complete-image corners, metadata, actions, selection and capture preservation checks. /private/tmp/dabin-full-qa-20261004/native/build/qa/explorer-capture-cards/4C722408-DF15-4EC9-A9AA-B9134CEF27BB
PASSED AutoCaptureExplorerResponsivenessTests: PASS: 169 Explorer responsiveness checks; production DailyCaptureHostingView and RobotAppFrameView, actual BoardView, 128 automatic captures, late local previews, 16 insertion bursts, selected-middle-image scrolling, mixed paste trails/tasks, exact narrow/wide breakpoint resizing, visible tooltip overlay, native close/reopen and interrupted reversal. Native table had at most 20 simultaneously available row views. Background 8-second run-loop watchdog remained healthy.
PASSED ExplorerKeyboardTests: PASS: 75 native Explorer keyboard checks; 45 Up/Down transitions, recycled rows, project restoration, incoming capture, viewport-guard cancellation, and Return. Available rows: 5.
PASSED NotificationPresentationTests: PASS: 61 notification presentation checks; exact monotonic expiry, identical restarts, stale cancellation, native Board/Detail/Settings, persistent diagnostics and unchanged captures. Evidence: /private/tmp/dabin-full-qa-20261004/native/build/qa/notification-presentation/17943304-2FDC-4E33-B5EC-3430DE67EB96
PASSED WindowChromePresentationTests: PASS: 50904 window chrome checks; visible/physical resize grips, direct native drags, smooth shared corner masks and 1x/2x appearance. Evidence: /private/tmp/dabin-full-qa-20261004/native/build/qa/window-chrome/73697699-CFA3-49A3-A5E0-E06828DC7FD0
PASSED ProjectRecordingRobotTests: PASS: 42 project recording robot checks passed
/var/folders/qy/zfgc4dgx02x2k_c04330ghy00000gn/T/dabin-search-qa-625agqp9/DaBin Search QA.app/Contents/Frameworks/libDaBinTestCore.dylib: replacing existing signature
/var/folders/qy/zfgc4dgx02x2k_c04330ghy00000gn/T/dabin-search-qa-625agqp9/DaBin Search QA.app: replacing existing signature
PASSED SearchWindowTests: PASS: 105 native global Search checks; keyboard verification passed: native focus, Tab retained filter focus with Keyboard Navigation disabled, Escape dismissal and Return activates Done.
PASSED TaskPriorityTagTests: PASS: 200 task priority tag checks; real choices/save/persistence and green–amber–red cards at 380/760 in light/dark; fictional local archive only. PNG evidence: /private/tmp/dabin-full-qa-20261004/docs/qa/task-priority-tags-2026-10-03/renders
PASSED LocalFileLocationTests: PASS: 44 local-folder resolution, project scope, native button, read-only byte preservation, and failure-feedback checks
PASSED NativeContentDragTests: PASS: 38 native content drag checks; clicks, mixed native items, copy-only external transfers and source preservation.
PASSED SearchInputTests: PASS: 65 production Search typing, focus, clear, private direct/Cmd V paste, unrelated-editor and immediate/animated reopen checks
QA passed: 93/93 requested suites passed. Report: /private/tmp/dabin-full-qa-20261004/native/build/qa/runs/20261003T222501918356Z/report.json
