Command line invocation:
    /Applications/Xcode.app/Contents/Developer/usr/bin/xcodebuild -project DaBin.xcodeproj -scheme DaBin -configuration Debug -destination platform=macOS,arch=arm64 -derivedDataPath /private/tmp/dabin-xcode-full-qa-20261004 build-for-testing

ComputePackagePrebuildTargetDependencyGraph

Prepare packages

CreateBuildRequest

SendProjectDescription

CreateBuildOperation

ComputeTargetDependencyGraph
note: Building targets in dependency order
note: Target dependency graph (2 targets)
    Target 'DaBinTests' in project 'DaBin'
        ➜ Explicit dependency on target 'DaBin' in project 'DaBin'
    Target 'DaBin' in project 'DaBin' (no dependencies)

GatherProvisioningInputs

CreateBuildDescription

ClangStatCache /Applications/Xcode.app/Contents/Developer/Toolchains/XcodeDefault.xctoolchain/usr/bin/clang-stat-cache /Applications/Xcode.app/Contents/Developer/Platforms/MacOSX.platform/Developer/SDKs/MacOSX27.0.sdk /tmp/dabin-xcode-full-qa-20261004/SDKStatCaches.noindex/macosx27.0-26A425-7231f6df4def33e022ae2eb8f782df1a.sdkstatcache
    cd /tmp/dabin-full-qa-20261004/native/DaBin.xcodeproj
    /Applications/Xcode.app/Contents/Developer/Toolchains/XcodeDefault.xctoolchain/usr/bin/clang-stat-cache /Applications/Xcode.app/Contents/Developer/Platforms/MacOSX.platform/Developer/SDKs/MacOSX27.0.sdk -o /tmp/dabin-xcode-full-qa-20261004/SDKStatCaches.noindex/macosx27.0-26A425-7231f6df4def33e022ae2eb8f782df1a.sdkstatcache

SwiftDriver DaBin normal arm64 com.apple.xcode.tools.swift.compiler (in target 'DaBin' from project 'DaBin')
    cd /tmp/dabin-full-qa-20261004/native
    builtin-SwiftDriver -- /Applications/Xcode.app/Contents/Developer/Toolchains/XcodeDefault.xctoolchain/usr/bin/swiftc -module-name DaBin -Onone @/tmp/dabin-xcode-full-qa-20261004/Build/Intermediates.noindex/DaBin.build/Debug/DaBin.build/Objects-normal/arm64/DaBin.SwiftFileList -DDEBUG -enable-bare-slash-regex -enable-experimental-feature DebugDescriptionMacro -sdk /Applications/Xcode.app/Contents/Developer/Platforms/MacOSX.platform/Developer/SDKs/MacOSX27.0.sdk -target arm64-apple-macos14.0 -g -module-cache-path /tmp/dabin-xcode-full-qa-20261004/ModuleCache.noindex -Xfrontend -serialize-debugging-options -enable-testing -warnings-as-errors -index-store-path /tmp/dabin-xcode-full-qa-20261004/Index.noindex/DataStore -swift-version 5 -I /tmp/dabin-xcode-full-qa-20261004/Build/Products/Debug -F /tmp/dabin-xcode-full-qa-20261004/Build/Products/Debug -c -j15 -enable-batch-mode -incremental -Xcc -ivfsstatcache -Xcc /tmp/dabin-xcode-full-qa-20261004/SDKStatCaches.noindex/macosx27.0-26A425-7231f6df4def33e022ae2eb8f782df1a.sdkstatcache -output-file-map /tmp/dabin-xcode-full-qa-20261004/Build/Intermediates.noindex/DaBin.build/Debug/DaBin.build/Objects-normal/arm64/DaBin-OutputFileMap.json -save-temps -no-color-diagnostics -explicit-module-build -module-cache-path /tmp/dabin-xcode-full-qa-20261004/Build/Intermediates.noindex/SwiftExplicitPrecompiledModules -clang-scanner-module-cache-path /tmp/dabin-xcode-full-qa-20261004/ModuleCache.noindex -sdk-module-cache-path /tmp/dabin-xcode-full-qa-20261004/SDKExplicitPrecompiledModules -emit-dependencies -emit-module -emit-module-path /tmp/dabin-xcode-full-qa-20261004/Build/Intermediates.noindex/DaBin.build/Debug/DaBin.build/Objects-normal/arm64/DaBin.swiftmodule -serialize-diagnostics -dependency-scan-serialize-diagnostics-path /tmp/dabin-xcode-full-qa-20261004/Build/Intermediates.noindex/DaBin.build/Debug/DaBin.build/Objects-normal/arm64/DaBin-dependency-scan.dia -validate-clang-modules-once -clang-build-session-file /tmp/dabin-xcode-full-qa-20261004/ModuleCache.noindex/Session.modulevalidation -Xcc -fmodules-prune-interval\=86400 -Xcc -fmodules-prune-after\=345600 -emit-const-values -const-gather-protocols-list /tmp/dabin-xcode-full-qa-20261004/Build/Intermediates.noindex/DaBin.build/Debug/DaBin.build/Objects-normal/arm64/DaBin_const_extract_protocols.json -Xcc -iquote -Xcc /tmp/dabin-xcode-full-qa-20261004/Build/Intermediates.noindex/DaBin.build/Debug/DaBin.build/DaBin-generated-files.hmap -Xcc -I/tmp/dabin-xcode-full-qa-20261004/Build/Intermediates.noindex/DaBin.build/Debug/DaBin.build/DaBin-own-target-headers.hmap -Xcc -I/tmp/dabin-xcode-full-qa-20261004/Build/Intermediates.noindex/DaBin.build/Debug/DaBin.build/DaBin-all-target-headers.hmap -Xcc -iquote -Xcc /tmp/dabin-xcode-full-qa-20261004/Build/Intermediates.noindex/DaBin.build/Debug/DaBin.build/DaBin-project-headers.hmap -Xcc -I/tmp/dabin-xcode-full-qa-20261004/Build/Products/Debug/include -Xcc -I/tmp/dabin-xcode-full-qa-20261004/Build/Intermediates.noindex/DaBin.build/Debug/DaBin.build/DerivedSources-normal/arm64 -Xcc -I/tmp/dabin-xcode-full-qa-20261004/Build/Intermediates.noindex/DaBin.build/Debug/DaBin.build/DerivedSources/arm64 -Xcc -I/tmp/dabin-xcode-full-qa-20261004/Build/Intermediates.noindex/DaBin.build/Debug/DaBin.build/DerivedSources -emit-objc-header -emit-objc-header-path /tmp/dabin-xcode-full-qa-20261004/Build/Intermediates.noindex/DaBin.build/Debug/DaBin.build/Objects-normal/arm64/DaBin-Swift.h -working-directory /tmp/dabin-full-qa-20261004/native -experimental-emit-module-separately -disable-cmo

SwiftCompile normal arm64 Compiling\ QuickAccess.swift /tmp/dabin-full-qa-20261004/native/Sources/DaBin/QuickAccess.swift (in target 'DaBin' from project 'DaBin')

SwiftCompile normal arm64 /tmp/dabin-full-qa-20261004/native/Sources/DaBin/QuickAccess.swift (in target 'DaBin' from project 'DaBin')
    cd /tmp/dabin-full-qa-20261004/native
    builtin-SwiftPerFileCompile QuickAccess.swift

SwiftEmitModule normal arm64 Emitting\ module\ for\ DaBin (in target 'DaBin' from project 'DaBin')

SwiftCompile normal arm64 (in target 'DaBin' from project 'DaBin')
    cd /tmp/dabin-full-qa-20261004/native
    

SwiftDriverJobDiscovery normal arm64 Compiling QuickAccess.swift (in target 'DaBin' from project 'DaBin')

SwiftCompile normal arm64 Compiling\ AppState.swift,\ ApplicationCoordinator.swift,\ BoardComponents.swift /tmp/dabin-full-qa-20261004/native/Sources/DaBin/AppState.swift /tmp/dabin-full-qa-20261004/native/Sources/DaBin/ApplicationCoordinator.swift /tmp/dabin-full-qa-20261004/native/Sources/DaBin/BoardComponents.swift (in target 'DaBin' from project 'DaBin')

SwiftCompile normal arm64 /tmp/dabin-full-qa-20261004/native/Sources/DaBin/AppState.swift (in target 'DaBin' from project 'DaBin')
    cd /tmp/dabin-full-qa-20261004/native
    builtin-SwiftPerFileCompile AppState.swift

SwiftCompile normal arm64 /tmp/dabin-full-qa-20261004/native/Sources/DaBin/ApplicationCoordinator.swift (in target 'DaBin' from project 'DaBin')
    cd /tmp/dabin-full-qa-20261004/native
    builtin-SwiftPerFileCompile ApplicationCoordinator.swift

SwiftCompile normal arm64 /tmp/dabin-full-qa-20261004/native/Sources/DaBin/BoardComponents.swift (in target 'DaBin' from project 'DaBin')
    cd /tmp/dabin-full-qa-20261004/native
    builtin-SwiftPerFileCompile BoardComponents.swift

SwiftCompile normal arm64 Compiling\ DayExportUI.swift,\ DetailScreen.swift,\ ExplorerItems.swift /tmp/dabin-full-qa-20261004/native/Sources/DaBin/DayExportUI.swift /tmp/dabin-full-qa-20261004/native/Sources/DaBin/DetailScreen.swift /tmp/dabin-full-qa-20261004/native/Sources/DaBin/ExplorerItems.swift (in target 'DaBin' from project 'DaBin')

SwiftCompile normal arm64 /tmp/dabin-full-qa-20261004/native/Sources/DaBin/DayExportUI.swift (in target 'DaBin' from project 'DaBin')
    cd /tmp/dabin-full-qa-20261004/native
    builtin-SwiftPerFileCompile DayExportUI.swift

SwiftCompile normal arm64 /tmp/dabin-full-qa-20261004/native/Sources/DaBin/DetailScreen.swift (in target 'DaBin' from project 'DaBin')
    cd /tmp/dabin-full-qa-20261004/native
    builtin-SwiftPerFileCompile DetailScreen.swift

SwiftCompile normal arm64 /tmp/dabin-full-qa-20261004/native/Sources/DaBin/ExplorerItems.swift (in target 'DaBin' from project 'DaBin')
    cd /tmp/dabin-full-qa-20261004/native
    builtin-SwiftPerFileCompile ExplorerItems.swift

SwiftCompile normal arm64 Compiling\ CornerController.swift,\ DailyCaptureView.swift,\ DailyScreen.swift /tmp/dabin-full-qa-20261004/native/Sources/DaBin/CornerController.swift /tmp/dabin-full-qa-20261004/native/Sources/DaBin/DailyCaptureView.swift /tmp/dabin-full-qa-20261004/native/Sources/DaBin/DailyScreen.swift (in target 'DaBin' from project 'DaBin')

SwiftCompile normal arm64 /tmp/dabin-full-qa-20261004/native/Sources/DaBin/CornerController.swift (in target 'DaBin' from project 'DaBin')
    cd /tmp/dabin-full-qa-20261004/native
    builtin-SwiftPerFileCompile CornerController.swift

SwiftCompile normal arm64 /tmp/dabin-full-qa-20261004/native/Sources/DaBin/DailyCaptureView.swift (in target 'DaBin' from project 'DaBin')
    cd /tmp/dabin-full-qa-20261004/native
    builtin-SwiftPerFileCompile DailyCaptureView.swift

SwiftCompile normal arm64 /tmp/dabin-full-qa-20261004/native/Sources/DaBin/DailyScreen.swift (in target 'DaBin' from project 'DaBin')
    cd /tmp/dabin-full-qa-20261004/native
    builtin-SwiftPerFileCompile DailyScreen.swift

SwiftCompile normal arm64 Compiling\ BoardView.swift,\ CaptureCards.swift,\ CaptureTrailView.swift /tmp/dabin-full-qa-20261004/native/Sources/DaBin/BoardView.swift /tmp/dabin-full-qa-20261004/native/Sources/DaBin/CaptureCards.swift /tmp/dabin-full-qa-20261004/native/Sources/DaBin/CaptureTrailView.swift (in target 'DaBin' from project 'DaBin')

SwiftCompile normal arm64 /tmp/dabin-full-qa-20261004/native/Sources/DaBin/BoardView.swift (in target 'DaBin' from project 'DaBin')
    cd /tmp/dabin-full-qa-20261004/native
    builtin-SwiftPerFileCompile BoardView.swift

SwiftCompile normal arm64 /tmp/dabin-full-qa-20261004/native/Sources/DaBin/CaptureCards.swift (in target 'DaBin' from project 'DaBin')
    cd /tmp/dabin-full-qa-20261004/native
    builtin-SwiftPerFileCompile CaptureCards.swift

SwiftCompile normal arm64 /tmp/dabin-full-qa-20261004/native/Sources/DaBin/CaptureTrailView.swift (in target 'DaBin' from project 'DaBin')
    cd /tmp/dabin-full-qa-20261004/native
    builtin-SwiftPerFileCompile CaptureTrailView.swift

SwiftCompile normal arm64 Compiling\ HourlyCaptureCard.swift,\ InboxScreen.swift,\ LibraryScreen.swift /tmp/dabin-full-qa-20261004/native/Sources/DaBin/HourlyCaptureCard.swift /tmp/dabin-full-qa-20261004/native/Sources/DaBin/InboxScreen.swift /tmp/dabin-full-qa-20261004/native/Sources/DaBin/LibraryScreen.swift (in target 'DaBin' from project 'DaBin')

SwiftCompile normal arm64 /tmp/dabin-full-qa-20261004/native/Sources/DaBin/HourlyCaptureCard.swift (in target 'DaBin' from project 'DaBin')
    cd /tmp/dabin-full-qa-20261004/native
    builtin-SwiftPerFileCompile HourlyCaptureCard.swift

SwiftCompile normal arm64 /tmp/dabin-full-qa-20261004/native/Sources/DaBin/InboxScreen.swift (in target 'DaBin' from project 'DaBin')
    cd /tmp/dabin-full-qa-20261004/native
    builtin-SwiftPerFileCompile InboxScreen.swift

SwiftCompile normal arm64 /tmp/dabin-full-qa-20261004/native/Sources/DaBin/LibraryScreen.swift (in target 'DaBin' from project 'DaBin')
    cd /tmp/dabin-full-qa-20261004/native
    builtin-SwiftPerFileCompile LibraryScreen.swift

SwiftCompile normal arm64 Compiling\ NewNoteScreen.swift,\ ProjectPickerView.swift,\ ProjectWorkspaceCard.swift /tmp/dabin-full-qa-20261004/native/Sources/DaBin/NewNoteScreen.swift /tmp/dabin-full-qa-20261004/native/Sources/DaBin/ProjectPickerView.swift /tmp/dabin-full-qa-20261004/native/Sources/DaBin/ProjectWorkspaceCard.swift (in target 'DaBin' from project 'DaBin')

SwiftCompile normal arm64 /tmp/dabin-full-qa-20261004/native/Sources/DaBin/NewNoteScreen.swift (in target 'DaBin' from project 'DaBin')
    cd /tmp/dabin-full-qa-20261004/native
    builtin-SwiftPerFileCompile NewNoteScreen.swift

SwiftCompile normal arm64 /tmp/dabin-full-qa-20261004/native/Sources/DaBin/ProjectPickerView.swift (in target 'DaBin' from project 'DaBin')
    cd /tmp/dabin-full-qa-20261004/native
    builtin-SwiftPerFileCompile ProjectPickerView.swift

SwiftCompile normal arm64 /tmp/dabin-full-qa-20261004/native/Sources/DaBin/ProjectWorkspaceCard.swift (in target 'DaBin' from project 'DaBin')
    cd /tmp/dabin-full-qa-20261004/native
    builtin-SwiftPerFileCompile ProjectWorkspaceCard.swift

SwiftCompile normal arm64 Compiling\ ScratchpadView.swift,\ SearchColumnViewport.swift /tmp/dabin-full-qa-20261004/native/Sources/DaBin/ScratchpadView.swift /tmp/dabin-full-qa-20261004/native/Sources/DaBin/SearchColumnViewport.swift (in target 'DaBin' from project 'DaBin')

SwiftCompile normal arm64 /tmp/dabin-full-qa-20261004/native/Sources/DaBin/ScratchpadView.swift (in target 'DaBin' from project 'DaBin')
    cd /tmp/dabin-full-qa-20261004/native
    builtin-SwiftPerFileCompile ScratchpadView.swift

SwiftCompile normal arm64 /tmp/dabin-full-qa-20261004/native/Sources/DaBin/SearchColumnViewport.swift (in target 'DaBin' from project 'DaBin')
    cd /tmp/dabin-full-qa-20261004/native
    builtin-SwiftPerFileCompile SearchColumnViewport.swift

SwiftCompile normal arm64 Compiling\ TaskAttachmentsView.swift,\ TaskEditorScreen.swift /tmp/dabin-full-qa-20261004/native/Sources/DaBin/TaskAttachmentsView.swift /tmp/dabin-full-qa-20261004/native/Sources/DaBin/TaskEditorScreen.swift (in target 'DaBin' from project 'DaBin')

SwiftCompile normal arm64 /tmp/dabin-full-qa-20261004/native/Sources/DaBin/TaskAttachmentsView.swift (in target 'DaBin' from project 'DaBin')
    cd /tmp/dabin-full-qa-20261004/native
    builtin-SwiftPerFileCompile TaskAttachmentsView.swift

SwiftCompile normal arm64 /tmp/dabin-full-qa-20261004/native/Sources/DaBin/TaskEditorScreen.swift (in target 'DaBin' from project 'DaBin')
    cd /tmp/dabin-full-qa-20261004/native
    builtin-SwiftPerFileCompile TaskEditorScreen.swift

SwiftCompile normal arm64 Compiling\ TrashScreen.swift,\ WeeklyScopeActions.swift /tmp/dabin-full-qa-20261004/native/Sources/DaBin/TrashScreen.swift /tmp/dabin-full-qa-20261004/native/Sources/DaBin/WeeklyScopeActions.swift (in target 'DaBin' from project 'DaBin')

SwiftCompile normal arm64 /tmp/dabin-full-qa-20261004/native/Sources/DaBin/TrashScreen.swift (in target 'DaBin' from project 'DaBin')
    cd /tmp/dabin-full-qa-20261004/native
    builtin-SwiftPerFileCompile TrashScreen.swift

SwiftCompile normal arm64 /tmp/dabin-full-qa-20261004/native/Sources/DaBin/WeeklyScopeActions.swift (in target 'DaBin' from project 'DaBin')
    cd /tmp/dabin-full-qa-20261004/native
    builtin-SwiftPerFileCompile WeeklyScopeActions.swift

SwiftCompile normal arm64 Compiling\ SearchResultCard.swift,\ SearchScreen.swift /tmp/dabin-full-qa-20261004/native/Sources/DaBin/SearchResultCard.swift /tmp/dabin-full-qa-20261004/native/Sources/DaBin/SearchScreen.swift (in target 'DaBin' from project 'DaBin')

SwiftCompile normal arm64 /tmp/dabin-full-qa-20261004/native/Sources/DaBin/SearchResultCard.swift (in target 'DaBin' from project 'DaBin')
    cd /tmp/dabin-full-qa-20261004/native
    builtin-SwiftPerFileCompile SearchResultCard.swift

SwiftCompile normal arm64 /tmp/dabin-full-qa-20261004/native/Sources/DaBin/SearchScreen.swift (in target 'DaBin' from project 'DaBin')
    cd /tmp/dabin-full-qa-20261004/native
    builtin-SwiftPerFileCompile SearchScreen.swift

SwiftCompile normal arm64 Compiling\ TaskFocusControls.swift,\ TodayPlanningScreen.swift /tmp/dabin-full-qa-20261004/native/Sources/DaBin/TaskFocusControls.swift /tmp/dabin-full-qa-20261004/native/Sources/DaBin/TodayPlanningScreen.swift (in target 'DaBin' from project 'DaBin')

SwiftCompile normal arm64 /tmp/dabin-full-qa-20261004/native/Sources/DaBin/TaskFocusControls.swift (in target 'DaBin' from project 'DaBin')
    cd /tmp/dabin-full-qa-20261004/native
    builtin-SwiftPerFileCompile TaskFocusControls.swift

SwiftCompile normal arm64 /tmp/dabin-full-qa-20261004/native/Sources/DaBin/TodayPlanningScreen.swift (in target 'DaBin' from project 'DaBin')
    cd /tmp/dabin-full-qa-20261004/native
    builtin-SwiftPerFileCompile TodayPlanningScreen.swift

SwiftCompile normal arm64 Compiling\ ProjectWorkspaceView.swift,\ RemindersScreen.swift /tmp/dabin-full-qa-20261004/native/Sources/DaBin/ProjectWorkspaceView.swift /tmp/dabin-full-qa-20261004/native/Sources/DaBin/RemindersScreen.swift (in target 'DaBin' from project 'DaBin')

SwiftCompile normal arm64 /tmp/dabin-full-qa-20261004/native/Sources/DaBin/ProjectWorkspaceView.swift (in target 'DaBin' from project 'DaBin')
    cd /tmp/dabin-full-qa-20261004/native
    builtin-SwiftPerFileCompile ProjectWorkspaceView.swift

SwiftCompile normal arm64 /tmp/dabin-full-qa-20261004/native/Sources/DaBin/RemindersScreen.swift (in target 'DaBin' from project 'DaBin')
    cd /tmp/dabin-full-qa-20261004/native
    builtin-SwiftPerFileCompile RemindersScreen.swift

SwiftCompile normal arm64 Compiling\ SettingsScreen.swift,\ ShelfCaptureController.swift /tmp/dabin-full-qa-20261004/native/Sources/DaBin/SettingsScreen.swift /tmp/dabin-full-qa-20261004/native/Sources/DaBin/ShelfCaptureController.swift (in target 'DaBin' from project 'DaBin')

SwiftCompile normal arm64 /tmp/dabin-full-qa-20261004/native/Sources/DaBin/SettingsScreen.swift (in target 'DaBin' from project 'DaBin')
    cd /tmp/dabin-full-qa-20261004/native
    builtin-SwiftPerFileCompile SettingsScreen.swift

SwiftCompile normal arm64 /tmp/dabin-full-qa-20261004/native/Sources/DaBin/ShelfCaptureController.swift (in target 'DaBin' from project 'DaBin')
    cd /tmp/dabin-full-qa-20261004/native
    builtin-SwiftPerFileCompile ShelfCaptureController.swift

SwiftCompile normal arm64 Compiling\ ExplorerScreen.swift,\ ExplorerTransfer.swift,\ GroupedCaptureCard.swift /tmp/dabin-full-qa-20261004/native/Sources/DaBin/ExplorerScreen.swift /tmp/dabin-full-qa-20261004/native/Sources/DaBin/ExplorerTransfer.swift /tmp/dabin-full-qa-20261004/native/Sources/DaBin/GroupedCaptureCard.swift (in target 'DaBin' from project 'DaBin')

SwiftCompile normal arm64 /tmp/dabin-full-qa-20261004/native/Sources/DaBin/ExplorerScreen.swift (in target 'DaBin' from project 'DaBin')
    cd /tmp/dabin-full-qa-20261004/native
    builtin-SwiftPerFileCompile ExplorerScreen.swift

SwiftCompile normal arm64 /tmp/dabin-full-qa-20261004/native/Sources/DaBin/ExplorerTransfer.swift (in target 'DaBin' from project 'DaBin')
    cd /tmp/dabin-full-qa-20261004/native
    builtin-SwiftPerFileCompile ExplorerTransfer.swift

SwiftCompile normal arm64 /tmp/dabin-full-qa-20261004/native/Sources/DaBin/GroupedCaptureCard.swift (in target 'DaBin' from project 'DaBin')
    cd /tmp/dabin-full-qa-20261004/native
    builtin-SwiftPerFileCompile GroupedCaptureCard.swift

SwiftCompile normal arm64 Compiling\ WeeklyScreen.swift,\ WorkspaceItemCard.swift /tmp/dabin-full-qa-20261004/native/Sources/DaBin/WeeklyScreen.swift /tmp/dabin-full-qa-20261004/native/Sources/DaBin/WorkspaceItemCard.swift (in target 'DaBin' from project 'DaBin')

SwiftCompile normal arm64 /tmp/dabin-full-qa-20261004/native/Sources/DaBin/WeeklyScreen.swift (in target 'DaBin' from project 'DaBin')
    cd /tmp/dabin-full-qa-20261004/native
    builtin-SwiftPerFileCompile WeeklyScreen.swift

SwiftCompile normal arm64 /tmp/dabin-full-qa-20261004/native/Sources/DaBin/WorkspaceItemCard.swift (in target 'DaBin' from project 'DaBin')
    cd /tmp/dabin-full-qa-20261004/native
    builtin-SwiftPerFileCompile WorkspaceItemCard.swift

SwiftDriverJobDiscovery normal arm64 Compiling TaskAttachmentsView.swift, TaskEditorScreen.swift (in target 'DaBin' from project 'DaBin')

SwiftDriverJobDiscovery normal arm64 Compiling TrashScreen.swift, WeeklyScopeActions.swift (in target 'DaBin' from project 'DaBin')

SwiftDriverJobDiscovery normal arm64 Compiling ScratchpadView.swift, SearchColumnViewport.swift (in target 'DaBin' from project 'DaBin')

SwiftDriverJobDiscovery normal arm64 Compiling TaskFocusControls.swift, TodayPlanningScreen.swift (in target 'DaBin' from project 'DaBin')

SwiftDriverJobDiscovery normal arm64 Compiling CornerController.swift, DailyCaptureView.swift, DailyScreen.swift (in target 'DaBin' from project 'DaBin')

SwiftDriverJobDiscovery normal arm64 Compiling ProjectWorkspaceView.swift, RemindersScreen.swift (in target 'DaBin' from project 'DaBin')

SwiftDriverJobDiscovery normal arm64 Compiling HourlyCaptureCard.swift, InboxScreen.swift, LibraryScreen.swift (in target 'DaBin' from project 'DaBin')

SwiftDriverJobDiscovery normal arm64 Compiling WeeklyScreen.swift, WorkspaceItemCard.swift (in target 'DaBin' from project 'DaBin')

SwiftDriverJobDiscovery normal arm64 Compiling AppState.swift, ApplicationCoordinator.swift, BoardComponents.swift (in target 'DaBin' from project 'DaBin')

SwiftDriverJobDiscovery normal arm64 Emitting module for DaBin (in target 'DaBin' from project 'DaBin')

SwiftDriver\ Compilation\ Requirements DaBin normal arm64 com.apple.xcode.tools.swift.compiler (in target 'DaBin' from project 'DaBin')
    cd /tmp/dabin-full-qa-20261004/native
    builtin-Swift-Compilation-Requirements -- /Applications/Xcode.app/Contents/Developer/Toolchains/XcodeDefault.xctoolchain/usr/bin/swiftc -module-name DaBin -Onone @/tmp/dabin-xcode-full-qa-20261004/Build/Intermediates.noindex/DaBin.build/Debug/DaBin.build/Objects-normal/arm64/DaBin.SwiftFileList -DDEBUG -enable-bare-slash-regex -enable-experimental-feature DebugDescriptionMacro -sdk /Applications/Xcode.app/Contents/Developer/Platforms/MacOSX.platform/Developer/SDKs/MacOSX27.0.sdk -target arm64-apple-macos14.0 -g -module-cache-path /tmp/dabin-xcode-full-qa-20261004/ModuleCache.noindex -Xfrontend -serialize-debugging-options -enable-testing -warnings-as-errors -index-store-path /tmp/dabin-xcode-full-qa-20261004/Index.noindex/DataStore -swift-version 5 -I /tmp/dabin-xcode-full-qa-20261004/Build/Products/Debug -F /tmp/dabin-xcode-full-qa-20261004/Build/Products/Debug -c -j15 -enable-batch-mode -incremental -Xcc -ivfsstatcache -Xcc /tmp/dabin-xcode-full-qa-20261004/SDKStatCaches.noindex/macosx27.0-26A425-7231f6df4def33e022ae2eb8f782df1a.sdkstatcache -output-file-map /tmp/dabin-xcode-full-qa-20261004/Build/Intermediates.noindex/DaBin.build/Debug/DaBin.build/Objects-normal/arm64/DaBin-OutputFileMap.json -save-temps -no-color-diagnostics -explicit-module-build -module-cache-path /tmp/dabin-xcode-full-qa-20261004/Build/Intermediates.noindex/SwiftExplicitPrecompiledModules -clang-scanner-module-cache-path /tmp/dabin-xcode-full-qa-20261004/ModuleCache.noindex -sdk-module-cache-path /tmp/dabin-xcode-full-qa-20261004/SDKExplicitPrecompiledModules -emit-dependencies -emit-module -emit-module-path /tmp/dabin-xcode-full-qa-20261004/Build/Intermediates.noindex/DaBin.build/Debug/DaBin.build/Objects-normal/arm64/DaBin.swiftmodule -serialize-diagnostics -dependency-scan-serialize-diagnostics-path /tmp/dabin-xcode-full-qa-20261004/Build/Intermediates.noindex/DaBin.build/Debug/DaBin.build/Objects-normal/arm64/DaBin-dependency-scan.dia -validate-clang-modules-once -clang-build-session-file /tmp/dabin-xcode-full-qa-20261004/ModuleCache.noindex/Session.modulevalidation -Xcc -fmodules-prune-interval\=86400 -Xcc -fmodules-prune-after\=345600 -emit-const-values -const-gather-protocols-list /tmp/dabin-xcode-full-qa-20261004/Build/Intermediates.noindex/DaBin.build/Debug/DaBin.build/Objects-normal/arm64/DaBin_const_extract_protocols.json -Xcc -iquote -Xcc /tmp/dabin-xcode-full-qa-20261004/Build/Intermediates.noindex/DaBin.build/Debug/DaBin.build/DaBin-generated-files.hmap -Xcc -I/tmp/dabin-xcode-full-qa-20261004/Build/Intermediates.noindex/DaBin.build/Debug/DaBin.build/DaBin-own-target-headers.hmap -Xcc -I/tmp/dabin-xcode-full-qa-20261004/Build/Intermediates.noindex/DaBin.build/Debug/DaBin.build/DaBin-all-target-headers.hmap -Xcc -iquote -Xcc /tmp/dabin-xcode-full-qa-20261004/Build/Intermediates.noindex/DaBin.build/Debug/DaBin.build/DaBin-project-headers.hmap -Xcc -I/tmp/dabin-xcode-full-qa-20261004/Build/Products/Debug/include -Xcc -I/tmp/dabin-xcode-full-qa-20261004/Build/Intermediates.noindex/DaBin.build/Debug/DaBin.build/DerivedSources-normal/arm64 -Xcc -I/tmp/dabin-xcode-full-qa-20261004/Build/Intermediates.noindex/DaBin.build/Debug/DaBin.build/DerivedSources/arm64 -Xcc -I/tmp/dabin-xcode-full-qa-20261004/Build/Intermediates.noindex/DaBin.build/Debug/DaBin.build/DerivedSources -emit-objc-header -emit-objc-header-path /tmp/dabin-xcode-full-qa-20261004/Build/Intermediates.noindex/DaBin.build/Debug/DaBin.build/Objects-normal/arm64/DaBin-Swift.h -working-directory /tmp/dabin-full-qa-20261004/native -experimental-emit-module-separately -disable-cmo

Copy /tmp/dabin-xcode-full-qa-20261004/Build/Products/Debug/DaBin.swiftmodule/arm64-apple-macos.abi.json /tmp/dabin-xcode-full-qa-20261004/Build/Intermediates.noindex/DaBin.build/Debug/DaBin.build/Objects-normal/arm64/DaBin.abi.json (in target 'DaBin' from project 'DaBin')
    cd /tmp/dabin-full-qa-20261004/native
    builtin-copy -exclude .DS_Store -exclude CVS -exclude .svn -exclude .git -exclude .hg -strip-unsigned-binaries -strip-deterministic -strip-tool /Applications/Xcode.app/Contents/Developer/Toolchains/XcodeDefault.xctoolchain/usr/bin/strip -resolve-src-symlinks -rename /tmp/dabin-xcode-full-qa-20261004/Build/Intermediates.noindex/DaBin.build/Debug/DaBin.build/Objects-normal/arm64/DaBin.abi.json /tmp/dabin-xcode-full-qa-20261004/Build/Products/Debug/DaBin.swiftmodule/arm64-apple-macos.abi.json

Copy /tmp/dabin-xcode-full-qa-20261004/Build/Products/Debug/DaBin.swiftmodule/arm64-apple-macos.swiftdoc /tmp/dabin-xcode-full-qa-20261004/Build/Intermediates.noindex/DaBin.build/Debug/DaBin.build/Objects-normal/arm64/DaBin.swiftdoc (in target 'DaBin' from project 'DaBin')
    cd /tmp/dabin-full-qa-20261004/native
    builtin-copy -exclude .DS_Store -exclude CVS -exclude .svn -exclude .git -exclude .hg -strip-unsigned-binaries -strip-deterministic -strip-tool /Applications/Xcode.app/Contents/Developer/Toolchains/XcodeDefault.xctoolchain/usr/bin/strip -resolve-src-symlinks -rename /tmp/dabin-xcode-full-qa-20261004/Build/Intermediates.noindex/DaBin.build/Debug/DaBin.build/Objects-normal/arm64/DaBin.swiftdoc /tmp/dabin-xcode-full-qa-20261004/Build/Products/Debug/DaBin.swiftmodule/arm64-apple-macos.swiftdoc

Copy /tmp/dabin-xcode-full-qa-20261004/Build/Products/Debug/DaBin.swiftmodule/Project/arm64-apple-macos.swiftsourceinfo /tmp/dabin-xcode-full-qa-20261004/Build/Intermediates.noindex/DaBin.build/Debug/DaBin.build/Objects-normal/arm64/DaBin.swiftsourceinfo (in target 'DaBin' from project 'DaBin')
    cd /tmp/dabin-full-qa-20261004/native
    builtin-copy -exclude .DS_Store -exclude CVS -exclude .svn -exclude .git -exclude .hg -strip-unsigned-binaries -strip-deterministic -strip-tool /Applications/Xcode.app/Contents/Developer/Toolchains/XcodeDefault.xctoolchain/usr/bin/strip -resolve-src-symlinks -rename /tmp/dabin-xcode-full-qa-20261004/Build/Intermediates.noindex/DaBin.build/Debug/DaBin.build/Objects-normal/arm64/DaBin.swiftsourceinfo /tmp/dabin-xcode-full-qa-20261004/Build/Products/Debug/DaBin.swiftmodule/Project/arm64-apple-macos.swiftsourceinfo

Copy /tmp/dabin-xcode-full-qa-20261004/Build/Products/Debug/DaBin.swiftmodule/arm64-apple-macos.swiftmodule /tmp/dabin-xcode-full-qa-20261004/Build/Intermediates.noindex/DaBin.build/Debug/DaBin.build/Objects-normal/arm64/DaBin.swiftmodule (in target 'DaBin' from project 'DaBin')
    cd /tmp/dabin-full-qa-20261004/native
    builtin-copy -exclude .DS_Store -exclude CVS -exclude .svn -exclude .git -exclude .hg -strip-unsigned-binaries -strip-deterministic -strip-tool /Applications/Xcode.app/Contents/Developer/Toolchains/XcodeDefault.xctoolchain/usr/bin/strip -resolve-src-symlinks -rename /tmp/dabin-xcode-full-qa-20261004/Build/Intermediates.noindex/DaBin.build/Debug/DaBin.build/Objects-normal/arm64/DaBin.swiftmodule /tmp/dabin-xcode-full-qa-20261004/Build/Products/Debug/DaBin.swiftmodule/arm64-apple-macos.swiftmodule

SwiftDriverJobDiscovery normal arm64 Compiling ExplorerScreen.swift, ExplorerTransfer.swift, GroupedCaptureCard.swift (in target 'DaBin' from project 'DaBin')

SwiftDriverJobDiscovery normal arm64 Compiling NewNoteScreen.swift, ProjectPickerView.swift, ProjectWorkspaceCard.swift (in target 'DaBin' from project 'DaBin')

SwiftDriverJobDiscovery normal arm64 Compiling SettingsScreen.swift, ShelfCaptureController.swift (in target 'DaBin' from project 'DaBin')

SwiftDriverJobDiscovery normal arm64 Compiling BoardView.swift, CaptureCards.swift, CaptureTrailView.swift (in target 'DaBin' from project 'DaBin')

SwiftDriverJobDiscovery normal arm64 Compiling SearchResultCard.swift, SearchScreen.swift (in target 'DaBin' from project 'DaBin')

SwiftDriverJobDiscovery normal arm64 Compiling DayExportUI.swift, DetailScreen.swift, ExplorerItems.swift (in target 'DaBin' from project 'DaBin')

SwiftDriver\ Compilation DaBin normal arm64 com.apple.xcode.tools.swift.compiler (in target 'DaBin' from project 'DaBin')
    cd /tmp/dabin-full-qa-20261004/native
    builtin-Swift-Compilation -- /Applications/Xcode.app/Contents/Developer/Toolchains/XcodeDefault.xctoolchain/usr/bin/swiftc -module-name DaBin -Onone @/tmp/dabin-xcode-full-qa-20261004/Build/Intermediates.noindex/DaBin.build/Debug/DaBin.build/Objects-normal/arm64/DaBin.SwiftFileList -DDEBUG -enable-bare-slash-regex -enable-experimental-feature DebugDescriptionMacro -sdk /Applications/Xcode.app/Contents/Developer/Platforms/MacOSX.platform/Developer/SDKs/MacOSX27.0.sdk -target arm64-apple-macos14.0 -g -module-cache-path /tmp/dabin-xcode-full-qa-20261004/ModuleCache.noindex -Xfrontend -serialize-debugging-options -enable-testing -warnings-as-errors -index-store-path /tmp/dabin-xcode-full-qa-20261004/Index.noindex/DataStore -swift-version 5 -I /tmp/dabin-xcode-full-qa-20261004/Build/Products/Debug -F /tmp/dabin-xcode-full-qa-20261004/Build/Products/Debug -c -j15 -enable-batch-mode -incremental -Xcc -ivfsstatcache -Xcc /tmp/dabin-xcode-full-qa-20261004/SDKStatCaches.noindex/macosx27.0-26A425-7231f6df4def33e022ae2eb8f782df1a.sdkstatcache -output-file-map /tmp/dabin-xcode-full-qa-20261004/Build/Intermediates.noindex/DaBin.build/Debug/DaBin.build/Objects-normal/arm64/DaBin-OutputFileMap.json -save-temps -no-color-diagnostics -explicit-module-build -module-cache-path /tmp/dabin-xcode-full-qa-20261004/Build/Intermediates.noindex/SwiftExplicitPrecompiledModules -clang-scanner-module-cache-path /tmp/dabin-xcode-full-qa-20261004/ModuleCache.noindex -sdk-module-cache-path /tmp/dabin-xcode-full-qa-20261004/SDKExplicitPrecompiledModules -emit-dependencies -emit-module -emit-module-path /tmp/dabin-xcode-full-qa-20261004/Build/Intermediates.noindex/DaBin.build/Debug/DaBin.build/Objects-normal/arm64/DaBin.swiftmodule -serialize-diagnostics -dependency-scan-serialize-diagnostics-path /tmp/dabin-xcode-full-qa-20261004/Build/Intermediates.noindex/DaBin.build/Debug/DaBin.build/Objects-normal/arm64/DaBin-dependency-scan.dia -validate-clang-modules-once -clang-build-session-file /tmp/dabin-xcode-full-qa-20261004/ModuleCache.noindex/Session.modulevalidation -Xcc -fmodules-prune-interval\=86400 -Xcc -fmodules-prune-after\=345600 -emit-const-values -const-gather-protocols-list /tmp/dabin-xcode-full-qa-20261004/Build/Intermediates.noindex/DaBin.build/Debug/DaBin.build/Objects-normal/arm64/DaBin_const_extract_protocols.json -Xcc -iquote -Xcc /tmp/dabin-xcode-full-qa-20261004/Build/Intermediates.noindex/DaBin.build/Debug/DaBin.build/DaBin-generated-files.hmap -Xcc -I/tmp/dabin-xcode-full-qa-20261004/Build/Intermediates.noindex/DaBin.build/Debug/DaBin.build/DaBin-own-target-headers.hmap -Xcc -I/tmp/dabin-xcode-full-qa-20261004/Build/Intermediates.noindex/DaBin.build/Debug/DaBin.build/DaBin-all-target-headers.hmap -Xcc -iquote -Xcc /tmp/dabin-xcode-full-qa-20261004/Build/Intermediates.noindex/DaBin.build/Debug/DaBin.build/DaBin-project-headers.hmap -Xcc -I/tmp/dabin-xcode-full-qa-20261004/Build/Products/Debug/include -Xcc -I/tmp/dabin-xcode-full-qa-20261004/Build/Intermediates.noindex/DaBin.build/Debug/DaBin.build/DerivedSources-normal/arm64 -Xcc -I/tmp/dabin-xcode-full-qa-20261004/Build/Intermediates.noindex/DaBin.build/Debug/DaBin.build/DerivedSources/arm64 -Xcc -I/tmp/dabin-xcode-full-qa-20261004/Build/Intermediates.noindex/DaBin.build/Debug/DaBin.build/DerivedSources -emit-objc-header -emit-objc-header-path /tmp/dabin-xcode-full-qa-20261004/Build/Intermediates.noindex/DaBin.build/Debug/DaBin.build/Objects-normal/arm64/DaBin-Swift.h -working-directory /tmp/dabin-full-qa-20261004/native -experimental-emit-module-separately -disable-cmo

Ld /tmp/dabin-xcode-full-qa-20261004/Build/Products/Debug/DaBin.app/Contents/MacOS/DaBin.debug.dylib normal (in target 'DaBin' from project 'DaBin')
    cd /tmp/dabin-full-qa-20261004/native
    /Applications/Xcode.app/Contents/Developer/Toolchains/XcodeDefault.xctoolchain/usr/bin/clang -Xlinker -reproducible -target arm64-apple-macos14.0 -dynamiclib -isysroot /Applications/Xcode.app/Contents/Developer/Platforms/MacOSX.platform/Developer/SDKs/MacOSX27.0.sdk -Os -Xlinker -no_warn_duplicate_libraries -L/tmp/dabin-xcode-full-qa-20261004/Build/Intermediates.noindex/EagerLinkingTBDs/Debug -L/tmp/dabin-xcode-full-qa-20261004/Build/Products/Debug -F/tmp/dabin-xcode-full-qa-20261004/Build/Intermediates.noindex/EagerLinkingTBDs/Debug -F/tmp/dabin-xcode-full-qa-20261004/Build/Products/Debug -filelist /tmp/dabin-xcode-full-qa-20261004/Build/Intermediates.noindex/DaBin.build/Debug/DaBin.build/Objects-normal/arm64/DaBin.LinkFileList -install_name @rpath/DaBin.debug.dylib -Xlinker -rpath -Xlinker /usr/lib/swift -Xlinker -object_path_lto -Xlinker /tmp/dabin-xcode-full-qa-20261004/Build/Intermediates.noindex/DaBin.build/Debug/DaBin.build/Objects-normal/arm64/DaBin_lto.o -rdynamic -Xlinker -dependency_info -Xlinker /tmp/dabin-xcode-full-qa-20261004/Build/Intermediates.noindex/DaBin.build/Debug/DaBin.build/Objects-normal/arm64/DaBin_dependency_info.dat -fobjc-link-runtime -L/Applications/Xcode.app/Contents/Developer/Toolchains/XcodeDefault.xctoolchain/usr/lib/swift/macosx -L/usr/lib/swift -Xlinker -add_ast_path -Xlinker /tmp/dabin-xcode-full-qa-20261004/Build/Intermediates.noindex/DaBin.build/Debug/DaBin.build/Objects-normal/arm64/DaBin.swiftmodule -Xlinker -alias -Xlinker _main -Xlinker ___debug_main_executable_dylib_entry_point -Xlinker -no_adhoc_codesign -o /tmp/dabin-xcode-full-qa-20261004/Build/Products/Debug/DaBin.app/Contents/MacOS/DaBin.debug.dylib

ConstructStubExecutorLinkFileList /tmp/dabin-xcode-full-qa-20261004/Build/Intermediates.noindex/DaBin.build/Debug/DaBin.build/DaBin-ExecutorLinkFileList-normal-arm64.txt (in target 'DaBin' from project 'DaBin')
    cd /tmp/dabin-full-qa-20261004/native
    construct-stub-executor-link-file-list /tmp/dabin-xcode-full-qa-20261004/Build/Products/Debug/DaBin.app/Contents/MacOS/DaBin.debug.dylib /Applications/Xcode.app/Contents/Developer/Platforms/MacOSX.platform/Developer/usr/lib/libPreviewsJITStubExecutor_no_swift_entry_point.a /Applications/Xcode.app/Contents/Developer/Platforms/MacOSX.platform/Developer/usr/lib/libPreviewsJITStubExecutor.a --output /tmp/dabin-xcode-full-qa-20261004/Build/Intermediates.noindex/DaBin.build/Debug/DaBin.build/DaBin-ExecutorLinkFileList-normal-arm64.txt
note: Using stub executor library with Swift entry point. (in target 'DaBin' from project 'DaBin')

Ld /tmp/dabin-xcode-full-qa-20261004/Build/Products/Debug/DaBin.app/Contents/MacOS/DaBin normal (in target 'DaBin' from project 'DaBin')
    cd /tmp/dabin-full-qa-20261004/native
    /Applications/Xcode.app/Contents/Developer/Toolchains/XcodeDefault.xctoolchain/usr/bin/clang -Xlinker -reproducible -target arm64-apple-macos14.0 -isysroot /Applications/Xcode.app/Contents/Developer/Platforms/MacOSX.platform/Developer/SDKs/MacOSX27.0.sdk -Os -Xlinker -no_warn_duplicate_libraries -L/tmp/dabin-xcode-full-qa-20261004/Build/Products/Debug -F/tmp/dabin-xcode-full-qa-20261004/Build/Products/Debug -Xlinker -rpath -Xlinker @executable_path -rdynamic -e ___debug_blank_executor_main -Xlinker -sectcreate -Xlinker __TEXT -Xlinker __debug_dylib -Xlinker /tmp/dabin-xcode-full-qa-20261004/Build/Intermediates.noindex/DaBin.build/Debug/DaBin.build/DaBin-DebugDylibPath-normal-arm64.txt -Xlinker -sectcreate -Xlinker __TEXT -Xlinker __debug_instlnm -Xlinker /tmp/dabin-xcode-full-qa-20261004/Build/Intermediates.noindex/DaBin.build/Debug/DaBin.build/DaBin-DebugDylibInstallName-normal-arm64.txt -Xlinker -filelist -Xlinker /tmp/dabin-xcode-full-qa-20261004/Build/Intermediates.noindex/DaBin.build/Debug/DaBin.build/DaBin-ExecutorLinkFileList-normal-arm64.txt /tmp/dabin-xcode-full-qa-20261004/Build/Products/Debug/DaBin.app/Contents/MacOS/DaBin.debug.dylib -Xlinker -no_adhoc_codesign -o /tmp/dabin-xcode-full-qa-20261004/Build/Products/Debug/DaBin.app/Contents/MacOS/DaBin

ExtractAppIntentsMetadata (in target 'DaBin' from project 'DaBin')
    cd /tmp/dabin-full-qa-20261004/native
    /Applications/Xcode.app/Contents/Developer/Toolchains/XcodeDefault.xctoolchain/usr/bin/appintentsmetadataprocessor --toolchain-dir /Applications/Xcode.app/Contents/Developer/Toolchains/XcodeDefault.xctoolchain --module-name DaBin --sdk-root /Applications/Xcode.app/Contents/Developer/Platforms/MacOSX.platform/Developer/SDKs/MacOSX27.0.sdk --xcode-version 27A266a --platform-family macOS --deployment-target 14.0 --bundle-identifier com.dabin.mac --output /tmp/dabin-xcode-full-qa-20261004/Build/Products/Debug/DaBin.app/Contents/Resources --target-triple arm64-apple-macos14.0 --binary-file /tmp/dabin-xcode-full-qa-20261004/Build/Products/Debug/DaBin.app/Contents/MacOS/DaBin --dependency-file /tmp/dabin-xcode-full-qa-20261004/Build/Intermediates.noindex/DaBin.build/Debug/DaBin.build/Objects-normal/arm64/DaBin_dependency_info.dat --stringsdata-file /tmp/dabin-xcode-full-qa-20261004/Build/Intermediates.noindex/DaBin.build/Debug/DaBin.build/Objects-normal/arm64/ExtractedAppShortcutsMetadata.stringsdata --source-file-list /tmp/dabin-xcode-full-qa-20261004/Build/Intermediates.noindex/DaBin.build/Debug/DaBin.build/Objects-normal/arm64/DaBin.SwiftFileList --metadata-file-list /tmp/dabin-xcode-full-qa-20261004/Build/Intermediates.noindex/DaBin.build/Debug/DaBin.build/DaBin.DependencyMetadataFileList --static-metadata-file-list /tmp/dabin-xcode-full-qa-20261004/Build/Intermediates.noindex/DaBin.build/Debug/DaBin.build/DaBin.DependencyStaticMetadataFileList --swift-const-vals-list /tmp/dabin-xcode-full-qa-20261004/Build/Intermediates.noindex/DaBin.build/Debug/DaBin.build/Objects-normal/arm64/DaBin.SwiftConstValuesFileList --compile-time-extraction --deployment-aware-processing --no-app-shortcuts-localization
2026-10-04 01:24:24.448 appintentsmetadataprocessor[37679:24330150] Starting appintentsmetadataprocessor export
2026-10-04 01:24:24.449 appintentsmetadataprocessor[37679:24330150] warning: Metadata extraction skipped, no AppIntents.framework dependency found

CopySwiftLibs /tmp/dabin-xcode-full-qa-20261004/Build/Products/Debug/DaBin.app (in target 'DaBin' from project 'DaBin')
    cd /tmp/dabin-full-qa-20261004/native
    builtin-swiftStdLibTool --copy --verbose --sign - --scan-executable /tmp/dabin-xcode-full-qa-20261004/Build/Products/Debug/DaBin.app/Contents/MacOS/DaBin.debug.dylib --scan-folder /tmp/dabin-xcode-full-qa-20261004/Build/Products/Debug/DaBin.app/Contents/Frameworks --scan-folder /tmp/dabin-xcode-full-qa-20261004/Build/Products/Debug/DaBin.app/Contents/PlugIns --scan-folder /tmp/dabin-xcode-full-qa-20261004/Build/Products/Debug/DaBin.app/Contents/Library/SystemExtensions --scan-folder /tmp/dabin-xcode-full-qa-20261004/Build/Products/Debug/DaBin.app/Contents/Extensions --platform macosx --toolchain /Applications/Xcode.app/Contents/Developer/Toolchains/XcodeDefault.xctoolchain --destination /tmp/dabin-xcode-full-qa-20261004/Build/Products/Debug/DaBin.app/Contents/Frameworks --strip-bitcode --strip-bitcode-tool /Applications/Xcode.app/Contents/Developer/Toolchains/XcodeDefault.xctoolchain/usr/bin/bitcode_strip --emit-dependency-info /tmp/dabin-xcode-full-qa-20261004/Build/Intermediates.noindex/DaBin.build/Debug/DaBin.build/SwiftStdLibToolInputDependencies.dep --filter-for-swift-os --back-deploy-swift-span

SwiftDriver DaBinTests normal arm64 com.apple.xcode.tools.swift.compiler (in target 'DaBinTests' from project 'DaBin')
    cd /tmp/dabin-full-qa-20261004/native
    builtin-SwiftDriver -- /Applications/Xcode.app/Contents/Developer/Toolchains/XcodeDefault.xctoolchain/usr/bin/swiftc -module-name DaBinTests -Onone @/tmp/dabin-xcode-full-qa-20261004/Build/Intermediates.noindex/DaBin.build/Debug/DaBinTests.build/Objects-normal/arm64/DaBinTests.SwiftFileList -DDEBUG -plugin-path /Applications/Xcode.app/Contents/Developer/Toolchains/XcodeDefault.xctoolchain/usr/lib/swift/host/plugins/testing -enable-bare-slash-regex -enable-experimental-feature DebugDescriptionMacro -sdk /Applications/Xcode.app/Contents/Developer/Platforms/MacOSX.platform/Developer/SDKs/MacOSX27.0.sdk -target arm64-apple-macos14.0 -g -module-cache-path /tmp/dabin-xcode-full-qa-20261004/ModuleCache.noindex -Xfrontend -serialize-debugging-options -enable-testing -warnings-as-errors -index-store-path /tmp/dabin-xcode-full-qa-20261004/Index.noindex/DataStore -swift-version 5 -I /tmp/dabin-xcode-full-qa-20261004/Build/Products/Debug -Isystem /Applications/Xcode.app/Contents/Developer/Platforms/MacOSX.platform/Developer/usr/lib -F /tmp/dabin-xcode-full-qa-20261004/Build/Products/Debug -F /Applications/Xcode.app/Contents/Developer/Platforms/MacOSX.platform/Developer/Library/Frameworks -parse-as-library -c -j15 -enable-batch-mode -incremental -Xcc -ivfsstatcache -Xcc /tmp/dabin-xcode-full-qa-20261004/SDKStatCaches.noindex/macosx27.0-26A425-7231f6df4def33e022ae2eb8f782df1a.sdkstatcache -output-file-map /tmp/dabin-xcode-full-qa-20261004/Build/Intermediates.noindex/DaBin.build/Debug/DaBinTests.build/Objects-normal/arm64/DaBinTests-OutputFileMap.json -save-temps -no-color-diagnostics -explicit-module-build -module-cache-path /tmp/dabin-xcode-full-qa-20261004/Build/Intermediates.noindex/SwiftExplicitPrecompiledModules -clang-scanner-module-cache-path /tmp/dabin-xcode-full-qa-20261004/ModuleCache.noindex -sdk-module-cache-path /tmp/dabin-xcode-full-qa-20261004/SDKExplicitPrecompiledModules -emit-dependencies -emit-module -emit-module-path /tmp/dabin-xcode-full-qa-20261004/Build/Intermediates.noindex/DaBin.build/Debug/DaBinTests.build/Objects-normal/arm64/DaBinTests.swiftmodule -serialize-diagnostics -dependency-scan-serialize-diagnostics-path /tmp/dabin-xcode-full-qa-20261004/Build/Intermediates.noindex/DaBin.build/Debug/DaBinTests.build/Objects-normal/arm64/DaBinTests-dependency-scan.dia -validate-clang-modules-once -clang-build-session-file /tmp/dabin-xcode-full-qa-20261004/ModuleCache.noindex/Session.modulevalidation -Xcc -fmodules-prune-interval\=86400 -Xcc -fmodules-prune-after\=345600 -emit-const-values -const-gather-protocols-list /tmp/dabin-xcode-full-qa-20261004/Build/Intermediates.noindex/DaBin.build/Debug/DaBinTests.build/Objects-normal/arm64/DaBinTests_const_extract_protocols.json -Xcc -iquote -Xcc /tmp/dabin-xcode-full-qa-20261004/Build/Intermediates.noindex/DaBin.build/Debug/DaBinTests.build/DaBinTests-generated-files.hmap -Xcc -I/tmp/dabin-xcode-full-qa-20261004/Build/Intermediates.noindex/DaBin.build/Debug/DaBinTests.build/DaBinTests-own-target-headers.hmap -Xcc -I/tmp/dabin-xcode-full-qa-20261004/Build/Intermediates.noindex/DaBin.build/Debug/DaBinTests.build/DaBinTests-all-target-headers.hmap -Xcc -iquote -Xcc /tmp/dabin-xcode-full-qa-20261004/Build/Intermediates.noindex/DaBin.build/Debug/DaBinTests.build/DaBinTests-project-headers.hmap -Xcc -I/tmp/dabin-xcode-full-qa-20261004/Build/Products/Debug/include -Xcc -I/tmp/dabin-xcode-full-qa-20261004/Build/Intermediates.noindex/DaBin.build/Debug/DaBinTests.build/DerivedSources-normal/arm64 -Xcc -I/tmp/dabin-xcode-full-qa-20261004/Build/Intermediates.noindex/DaBin.build/Debug/DaBinTests.build/DerivedSources/arm64 -Xcc -I/tmp/dabin-xcode-full-qa-20261004/Build/Intermediates.noindex/DaBin.build/Debug/DaBinTests.build/DerivedSources -emit-objc-header -emit-objc-header-path /tmp/dabin-xcode-full-qa-20261004/Build/Intermediates.noindex/DaBin.build/Debug/DaBinTests.build/Objects-normal/arm64/DaBinTests-Swift.h -working-directory /tmp/dabin-full-qa-20261004/native -experimental-emit-module-separately -disable-cmo

SwiftCompile normal arm64 Compiling\ XcodeSmokeTests.swift /tmp/dabin-full-qa-20261004/native/Tests/XcodeSmokeTests.swift (in target 'DaBinTests' from project 'DaBin')

SwiftCompile normal arm64 /tmp/dabin-full-qa-20261004/native/Tests/XcodeSmokeTests.swift (in target 'DaBinTests' from project 'DaBin')
    cd /tmp/dabin-full-qa-20261004/native
    builtin-SwiftPerFileCompile XcodeSmokeTests.swift

SwiftEmitModule normal arm64 Emitting\ module\ for\ DaBinTests (in target 'DaBinTests' from project 'DaBin')

SwiftCompile normal arm64 (in target 'DaBinTests' from project 'DaBin')
    cd /tmp/dabin-full-qa-20261004/native
    

SwiftDriverJobDiscovery normal arm64 Emitting module for DaBinTests (in target 'DaBinTests' from project 'DaBin')

SwiftDriver\ Compilation\ Requirements DaBinTests normal arm64 com.apple.xcode.tools.swift.compiler (in target 'DaBinTests' from project 'DaBin')
    cd /tmp/dabin-full-qa-20261004/native
    builtin-Swift-Compilation-Requirements -- /Applications/Xcode.app/Contents/Developer/Toolchains/XcodeDefault.xctoolchain/usr/bin/swiftc -module-name DaBinTests -Onone @/tmp/dabin-xcode-full-qa-20261004/Build/Intermediates.noindex/DaBin.build/Debug/DaBinTests.build/Objects-normal/arm64/DaBinTests.SwiftFileList -DDEBUG -plugin-path /Applications/Xcode.app/Contents/Developer/Toolchains/XcodeDefault.xctoolchain/usr/lib/swift/host/plugins/testing -enable-bare-slash-regex -enable-experimental-feature DebugDescriptionMacro -sdk /Applications/Xcode.app/Contents/Developer/Platforms/MacOSX.platform/Developer/SDKs/MacOSX27.0.sdk -target arm64-apple-macos14.0 -g -module-cache-path /tmp/dabin-xcode-full-qa-20261004/ModuleCache.noindex -Xfrontend -serialize-debugging-options -enable-testing -warnings-as-errors -index-store-path /tmp/dabin-xcode-full-qa-20261004/Index.noindex/DataStore -swift-version 5 -I /tmp/dabin-xcode-full-qa-20261004/Build/Products/Debug -Isystem /Applications/Xcode.app/Contents/Developer/Platforms/MacOSX.platform/Developer/usr/lib -F /tmp/dabin-xcode-full-qa-20261004/Build/Products/Debug -F /Applications/Xcode.app/Contents/Developer/Platforms/MacOSX.platform/Developer/Library/Frameworks -parse-as-library -c -j15 -enable-batch-mode -incremental -Xcc -ivfsstatcache -Xcc /tmp/dabin-xcode-full-qa-20261004/SDKStatCaches.noindex/macosx27.0-26A425-7231f6df4def33e022ae2eb8f782df1a.sdkstatcache -output-file-map /tmp/dabin-xcode-full-qa-20261004/Build/Intermediates.noindex/DaBin.build/Debug/DaBinTests.build/Objects-normal/arm64/DaBinTests-OutputFileMap.json -save-temps -no-color-diagnostics -explicit-module-build -module-cache-path /tmp/dabin-xcode-full-qa-20261004/Build/Intermediates.noindex/SwiftExplicitPrecompiledModules -clang-scanner-module-cache-path /tmp/dabin-xcode-full-qa-20261004/ModuleCache.noindex -sdk-module-cache-path /tmp/dabin-xcode-full-qa-20261004/SDKExplicitPrecompiledModules -emit-dependencies -emit-module -emit-module-path /tmp/dabin-xcode-full-qa-20261004/Build/Intermediates.noindex/DaBin.build/Debug/DaBinTests.build/Objects-normal/arm64/DaBinTests.swiftmodule -serialize-diagnostics -dependency-scan-serialize-diagnostics-path /tmp/dabin-xcode-full-qa-20261004/Build/Intermediates.noindex/DaBin.build/Debug/DaBinTests.build/Objects-normal/arm64/DaBinTests-dependency-scan.dia -validate-clang-modules-once -clang-build-session-file /tmp/dabin-xcode-full-qa-20261004/ModuleCache.noindex/Session.modulevalidation -Xcc -fmodules-prune-interval\=86400 -Xcc -fmodules-prune-after\=345600 -emit-const-values -const-gather-protocols-list /tmp/dabin-xcode-full-qa-20261004/Build/Intermediates.noindex/DaBin.build/Debug/DaBinTests.build/Objects-normal/arm64/DaBinTests_const_extract_protocols.json -Xcc -iquote -Xcc /tmp/dabin-xcode-full-qa-20261004/Build/Intermediates.noindex/DaBin.build/Debug/DaBinTests.build/DaBinTests-generated-files.hmap -Xcc -I/tmp/dabin-xcode-full-qa-20261004/Build/Intermediates.noindex/DaBin.build/Debug/DaBinTests.build/DaBinTests-own-target-headers.hmap -Xcc -I/tmp/dabin-xcode-full-qa-20261004/Build/Intermediates.noindex/DaBin.build/Debug/DaBinTests.build/DaBinTests-all-target-headers.hmap -Xcc -iquote -Xcc /tmp/dabin-xcode-full-qa-20261004/Build/Intermediates.noindex/DaBin.build/Debug/DaBinTests.build/DaBinTests-project-headers.hmap -Xcc -I/tmp/dabin-xcode-full-qa-20261004/Build/Products/Debug/include -Xcc -I/tmp/dabin-xcode-full-qa-20261004/Build/Intermediates.noindex/DaBin.build/Debug/DaBinTests.build/DerivedSources-normal/arm64 -Xcc -I/tmp/dabin-xcode-full-qa-20261004/Build/Intermediates.noindex/DaBin.build/Debug/DaBinTests.build/DerivedSources/arm64 -Xcc -I/tmp/dabin-xcode-full-qa-20261004/Build/Intermediates.noindex/DaBin.build/Debug/DaBinTests.build/DerivedSources -emit-objc-header -emit-objc-header-path /tmp/dabin-xcode-full-qa-20261004/Build/Intermediates.noindex/DaBin.build/Debug/DaBinTests.build/Objects-normal/arm64/DaBinTests-Swift.h -working-directory /tmp/dabin-full-qa-20261004/native -experimental-emit-module-separately -disable-cmo

Copy /tmp/dabin-xcode-full-qa-20261004/Build/Products/Debug/DaBinTests.swiftmodule/arm64-apple-macos.abi.json /tmp/dabin-xcode-full-qa-20261004/Build/Intermediates.noindex/DaBin.build/Debug/DaBinTests.build/Objects-normal/arm64/DaBinTests.abi.json (in target 'DaBinTests' from project 'DaBin')
    cd /tmp/dabin-full-qa-20261004/native
    builtin-copy -exclude .DS_Store -exclude CVS -exclude .svn -exclude .git -exclude .hg -strip-unsigned-binaries -strip-deterministic -strip-tool /Applications/Xcode.app/Contents/Developer/Toolchains/XcodeDefault.xctoolchain/usr/bin/strip -resolve-src-symlinks -rename /tmp/dabin-xcode-full-qa-20261004/Build/Intermediates.noindex/DaBin.build/Debug/DaBinTests.build/Objects-normal/arm64/DaBinTests.abi.json /tmp/dabin-xcode-full-qa-20261004/Build/Products/Debug/DaBinTests.swiftmodule/arm64-apple-macos.abi.json

SwiftDriverJobDiscovery normal arm64 Compiling XcodeSmokeTests.swift (in target 'DaBinTests' from project 'DaBin')

SwiftDriver\ Compilation DaBinTests normal arm64 com.apple.xcode.tools.swift.compiler (in target 'DaBinTests' from project 'DaBin')
    cd /tmp/dabin-full-qa-20261004/native
    builtin-Swift-Compilation -- /Applications/Xcode.app/Contents/Developer/Toolchains/XcodeDefault.xctoolchain/usr/bin/swiftc -module-name DaBinTests -Onone @/tmp/dabin-xcode-full-qa-20261004/Build/Intermediates.noindex/DaBin.build/Debug/DaBinTests.build/Objects-normal/arm64/DaBinTests.SwiftFileList -DDEBUG -plugin-path /Applications/Xcode.app/Contents/Developer/Toolchains/XcodeDefault.xctoolchain/usr/lib/swift/host/plugins/testing -enable-bare-slash-regex -enable-experimental-feature DebugDescriptionMacro -sdk /Applications/Xcode.app/Contents/Developer/Platforms/MacOSX.platform/Developer/SDKs/MacOSX27.0.sdk -target arm64-apple-macos14.0 -g -module-cache-path /tmp/dabin-xcode-full-qa-20261004/ModuleCache.noindex -Xfrontend -serialize-debugging-options -enable-testing -warnings-as-errors -index-store-path /tmp/dabin-xcode-full-qa-20261004/Index.noindex/DataStore -swift-version 5 -I /tmp/dabin-xcode-full-qa-20261004/Build/Products/Debug -Isystem /Applications/Xcode.app/Contents/Developer/Platforms/MacOSX.platform/Developer/usr/lib -F /tmp/dabin-xcode-full-qa-20261004/Build/Products/Debug -F /Applications/Xcode.app/Contents/Developer/Platforms/MacOSX.platform/Developer/Library/Frameworks -parse-as-library -c -j15 -enable-batch-mode -incremental -Xcc -ivfsstatcache -Xcc /tmp/dabin-xcode-full-qa-20261004/SDKStatCaches.noindex/macosx27.0-26A425-7231f6df4def33e022ae2eb8f782df1a.sdkstatcache -output-file-map /tmp/dabin-xcode-full-qa-20261004/Build/Intermediates.noindex/DaBin.build/Debug/DaBinTests.build/Objects-normal/arm64/DaBinTests-OutputFileMap.json -save-temps -no-color-diagnostics -explicit-module-build -module-cache-path /tmp/dabin-xcode-full-qa-20261004/Build/Intermediates.noindex/SwiftExplicitPrecompiledModules -clang-scanner-module-cache-path /tmp/dabin-xcode-full-qa-20261004/ModuleCache.noindex -sdk-module-cache-path /tmp/dabin-xcode-full-qa-20261004/SDKExplicitPrecompiledModules -emit-dependencies -emit-module -emit-module-path /tmp/dabin-xcode-full-qa-20261004/Build/Intermediates.noindex/DaBin.build/Debug/DaBinTests.build/Objects-normal/arm64/DaBinTests.swiftmodule -serialize-diagnostics -dependency-scan-serialize-diagnostics-path /tmp/dabin-xcode-full-qa-20261004/Build/Intermediates.noindex/DaBin.build/Debug/DaBinTests.build/Objects-normal/arm64/DaBinTests-dependency-scan.dia -validate-clang-modules-once -clang-build-session-file /tmp/dabin-xcode-full-qa-20261004/ModuleCache.noindex/Session.modulevalidation -Xcc -fmodules-prune-interval\=86400 -Xcc -fmodules-prune-after\=345600 -emit-const-values -const-gather-protocols-list /tmp/dabin-xcode-full-qa-20261004/Build/Intermediates.noindex/DaBin.build/Debug/DaBinTests.build/Objects-normal/arm64/DaBinTests_const_extract_protocols.json -Xcc -iquote -Xcc /tmp/dabin-xcode-full-qa-20261004/Build/Intermediates.noindex/DaBin.build/Debug/DaBinTests.build/DaBinTests-generated-files.hmap -Xcc -I/tmp/dabin-xcode-full-qa-20261004/Build/Intermediates.noindex/DaBin.build/Debug/DaBinTests.build/DaBinTests-own-target-headers.hmap -Xcc -I/tmp/dabin-xcode-full-qa-20261004/Build/Intermediates.noindex/DaBin.build/Debug/DaBinTests.build/DaBinTests-all-target-headers.hmap -Xcc -iquote -Xcc /tmp/dabin-xcode-full-qa-20261004/Build/Intermediates.noindex/DaBin.build/Debug/DaBinTests.build/DaBinTests-project-headers.hmap -Xcc -I/tmp/dabin-xcode-full-qa-20261004/Build/Products/Debug/include -Xcc -I/tmp/dabin-xcode-full-qa-20261004/Build/Intermediates.noindex/DaBin.build/Debug/DaBinTests.build/DerivedSources-normal/arm64 -Xcc -I/tmp/dabin-xcode-full-qa-20261004/Build/Intermediates.noindex/DaBin.build/Debug/DaBinTests.build/DerivedSources/arm64 -Xcc -I/tmp/dabin-xcode-full-qa-20261004/Build/Intermediates.noindex/DaBin.build/Debug/DaBinTests.build/DerivedSources -emit-objc-header -emit-objc-header-path /tmp/dabin-xcode-full-qa-20261004/Build/Intermediates.noindex/DaBin.build/Debug/DaBinTests.build/Objects-normal/arm64/DaBinTests-Swift.h -working-directory /tmp/dabin-full-qa-20261004/native -experimental-emit-module-separately -disable-cmo

Ld /tmp/dabin-xcode-full-qa-20261004/Build/Products/Debug/DaBin.app/Contents/PlugIns/DaBinTests.xctest/Contents/MacOS/DaBinTests normal (in target 'DaBinTests' from project 'DaBin')
    cd /tmp/dabin-full-qa-20261004/native
    /Applications/Xcode.app/Contents/Developer/Toolchains/XcodeDefault.xctoolchain/usr/bin/clang -Xlinker -reproducible -target arm64-apple-macos14.0 -bundle -isysroot /Applications/Xcode.app/Contents/Developer/Platforms/MacOSX.platform/Developer/SDKs/MacOSX27.0.sdk -Os -Xlinker -no_warn_duplicate_libraries -L/tmp/dabin-xcode-full-qa-20261004/Build/Intermediates.noindex/EagerLinkingTBDs/Debug -L/tmp/dabin-xcode-full-qa-20261004/Build/Products/Debug -L/Applications/Xcode.app/Contents/Developer/Platforms/MacOSX.platform/Developer/usr/lib -F/tmp/dabin-xcode-full-qa-20261004/Build/Intermediates.noindex/EagerLinkingTBDs/Debug -F/tmp/dabin-xcode-full-qa-20261004/Build/Products/Debug -iframework /Applications/Xcode.app/Contents/Developer/Platforms/MacOSX.platform/Developer/Library/Frameworks -filelist /tmp/dabin-xcode-full-qa-20261004/Build/Intermediates.noindex/DaBin.build/Debug/DaBinTests.build/Objects-normal/arm64/DaBinTests.LinkFileList -Xlinker -rpath -Xlinker /usr/lib/swift -Xlinker -rpath -Xlinker @loader_path/../Frameworks -Xlinker -rpath -Xlinker @executable_path/../Frameworks -bundle_loader /tmp/dabin-xcode-full-qa-20261004/Build/Products/Debug/DaBin.app/Contents/MacOS/DaBin -Xlinker -object_path_lto -Xlinker /tmp/dabin-xcode-full-qa-20261004/Build/Intermediates.noindex/DaBin.build/Debug/DaBinTests.build/Objects-normal/arm64/DaBinTests_lto.o -rdynamic -Xlinker -dependency_info -Xlinker /tmp/dabin-xcode-full-qa-20261004/Build/Intermediates.noindex/DaBin.build/Debug/DaBinTests.build/Objects-normal/arm64/DaBinTests_dependency_info.dat -fobjc-link-runtime -L/Applications/Xcode.app/Contents/Developer/Toolchains/XcodeDefault.xctoolchain/usr/lib/swift/macosx -L/usr/lib/swift -Xlinker -add_ast_path -Xlinker /tmp/dabin-xcode-full-qa-20261004/Build/Intermediates.noindex/DaBin.build/Debug/DaBinTests.build/Objects-normal/arm64/DaBinTests.swiftmodule -Xlinker -needed_framework -Xlinker XCTest -framework XCTest -Xlinker -needed-lXCTestSwiftSupport -lXCTestSwiftSupport /tmp/dabin-xcode-full-qa-20261004/Build/Products/Debug/DaBin.app/Contents/MacOS/DaBin.debug.dylib -Xlinker -no_adhoc_codesign -o /tmp/dabin-xcode-full-qa-20261004/Build/Products/Debug/DaBin.app/Contents/PlugIns/DaBinTests.xctest/Contents/MacOS/DaBinTests

CopySwiftLibs /tmp/dabin-xcode-full-qa-20261004/Build/Products/Debug/DaBin.app/Contents/PlugIns/DaBinTests.xctest (in target 'DaBinTests' from project 'DaBin')
    cd /tmp/dabin-full-qa-20261004/native
    builtin-swiftStdLibTool --copy --verbose --sign - --scan-executable /tmp/dabin-xcode-full-qa-20261004/Build/Products/Debug/DaBin.app/Contents/PlugIns/DaBinTests.xctest/Contents/MacOS/DaBinTests --scan-folder /tmp/dabin-xcode-full-qa-20261004/Build/Products/Debug/DaBin.app/Contents/PlugIns/DaBinTests.xctest/Contents/Frameworks --scan-folder /tmp/dabin-xcode-full-qa-20261004/Build/Products/Debug/DaBin.app/Contents/PlugIns/DaBinTests.xctest/Contents/PlugIns --scan-folder /tmp/dabin-xcode-full-qa-20261004/Build/Products/Debug/DaBin.app/Contents/PlugIns/DaBinTests.xctest/Contents/Library/SystemExtensions --scan-folder /tmp/dabin-xcode-full-qa-20261004/Build/Products/Debug/DaBin.app/Contents/PlugIns/DaBinTests.xctest/Contents/Extensions --platform macosx --toolchain /Applications/Xcode.app/Contents/Developer/Toolchains/XcodeDefault.xctoolchain --destination /tmp/dabin-xcode-full-qa-20261004/Build/Products/Debug/DaBin.app/Contents/PlugIns/DaBinTests.xctest/Contents/Frameworks --strip-bitcode --scan-executable /Applications/Xcode.app/Contents/Developer/Platforms/MacOSX.platform/Developer/usr/lib/libXCTestSwiftSupport.dylib --strip-bitcode-tool /Applications/Xcode.app/Contents/Developer/Toolchains/XcodeDefault.xctoolchain/usr/bin/bitcode_strip --emit-dependency-info /tmp/dabin-xcode-full-qa-20261004/Build/Intermediates.noindex/DaBin.build/Debug/DaBinTests.build/SwiftStdLibToolInputDependencies.dep --filter-for-swift-os --back-deploy-swift-span

ExtractAppIntentsMetadata (in target 'DaBinTests' from project 'DaBin')
    cd /tmp/dabin-full-qa-20261004/native
    /Applications/Xcode.app/Contents/Developer/Toolchains/XcodeDefault.xctoolchain/usr/bin/appintentsmetadataprocessor --toolchain-dir /Applications/Xcode.app/Contents/Developer/Toolchains/XcodeDefault.xctoolchain --module-name DaBinTests --sdk-root /Applications/Xcode.app/Contents/Developer/Platforms/MacOSX.platform/Developer/SDKs/MacOSX27.0.sdk --xcode-version 27A266a --platform-family macOS --deployment-target 14.0 --bundle-identifier com.dabin.mac.tests --output /tmp/dabin-xcode-full-qa-20261004/Build/Products/Debug/DaBin.app/Contents/PlugIns/DaBinTests.xctest/Contents/Resources --target-triple arm64-apple-macos14.0 --binary-file /tmp/dabin-xcode-full-qa-20261004/Build/Products/Debug/DaBin.app/Contents/PlugIns/DaBinTests.xctest/Contents/MacOS/DaBinTests --dependency-file /tmp/dabin-xcode-full-qa-20261004/Build/Intermediates.noindex/DaBin.build/Debug/DaBinTests.build/Objects-normal/arm64/DaBinTests_dependency_info.dat --stringsdata-file /tmp/dabin-xcode-full-qa-20261004/Build/Intermediates.noindex/DaBin.build/Debug/DaBinTests.build/Objects-normal/arm64/ExtractedAppShortcutsMetadata.stringsdata --source-file-list /tmp/dabin-xcode-full-qa-20261004/Build/Intermediates.noindex/DaBin.build/Debug/DaBinTests.build/Objects-normal/arm64/DaBinTests.SwiftFileList --metadata-file-list /tmp/dabin-xcode-full-qa-20261004/Build/Intermediates.noindex/DaBin.build/Debug/DaBinTests.build/DaBinTests.DependencyMetadataFileList --static-metadata-file-list /tmp/dabin-xcode-full-qa-20261004/Build/Intermediates.noindex/DaBin.build/Debug/DaBinTests.build/DaBinTests.DependencyStaticMetadataFileList --swift-const-vals-list /tmp/dabin-xcode-full-qa-20261004/Build/Intermediates.noindex/DaBin.build/Debug/DaBinTests.build/Objects-normal/arm64/DaBinTests.SwiftConstValuesFileList --compile-time-extraction --deployment-aware-processing --no-app-shortcuts-localization
2026-10-04 01:24:24.991 appintentsmetadataprocessor[37692:24330214] Starting appintentsmetadataprocessor export
2026-10-04 01:24:24.992 appintentsmetadataprocessor[37692:24330214] warning: Metadata extraction skipped, no AppIntents.framework dependency found

CodeSign /tmp/dabin-xcode-full-qa-20261004/Build/Products/Debug/DaBin.app/Contents/PlugIns/DaBinTests.xctest (in target 'DaBinTests' from project 'DaBin')
    cd /tmp/dabin-full-qa-20261004/native
    
    Signing Identity:     "Sign to Run Locally"
    
    /usr/bin/codesign --force --sign - --timestamp\=none --generate-entitlement-der /tmp/dabin-xcode-full-qa-20261004/Build/Products/Debug/DaBin.app/Contents/PlugIns/DaBinTests.xctest

CodeSign /tmp/dabin-xcode-full-qa-20261004/Build/Products/Debug/DaBin.app/Contents/MacOS/DaBin.debug.dylib (in target 'DaBin' from project 'DaBin')
    cd /tmp/dabin-full-qa-20261004/native
    
    Signing Identity:     "Sign to Run Locally"
    
    /usr/bin/codesign --force --sign - --timestamp\=none --generate-entitlement-der /tmp/dabin-xcode-full-qa-20261004/Build/Products/Debug/DaBin.app/Contents/MacOS/DaBin.debug.dylib

CodeSign /tmp/dabin-xcode-full-qa-20261004/Build/Products/Debug/DaBin.app/Contents/MacOS/__preview.dylib (in target 'DaBin' from project 'DaBin')
    cd /tmp/dabin-full-qa-20261004/native
    
    Signing Identity:     "Sign to Run Locally"
    
    /usr/bin/codesign --force --sign - --timestamp\=none --generate-entitlement-der /tmp/dabin-xcode-full-qa-20261004/Build/Products/Debug/DaBin.app/Contents/MacOS/__preview.dylib
/tmp/dabin-xcode-full-qa-20261004/Build/Products/Debug/DaBin.app/Contents/MacOS/__preview.dylib: replacing existing signature

CodeSign /tmp/dabin-xcode-full-qa-20261004/Build/Products/Debug/DaBin.app (in target 'DaBin' from project 'DaBin')
    cd /tmp/dabin-full-qa-20261004/native
    
    Signing Identity:     "Sign to Run Locally"
    
    /usr/bin/codesign --force --sign - --entitlements /tmp/dabin-xcode-full-qa-20261004/Build/Intermediates.noindex/DaBin.build/Debug/DaBin.build/DaBin.app.xcent --timestamp\=none --generate-entitlement-der /tmp/dabin-xcode-full-qa-20261004/Build/Products/Debug/DaBin.app

Validate /tmp/dabin-xcode-full-qa-20261004/Build/Products/Debug/DaBin.app (in target 'DaBin' from project 'DaBin')
    cd /tmp/dabin-full-qa-20261004/native
    builtin-validationUtility /tmp/dabin-xcode-full-qa-20261004/Build/Products/Debug/DaBin.app -no-validate-extension -infoplist-subpath Contents/Info.plist

RegisterWithLaunchServices /tmp/dabin-xcode-full-qa-20261004/Build/Products/Debug/DaBin.app (in target 'DaBin' from project 'DaBin')
    cd /tmp/dabin-full-qa-20261004/native
    builtin-lsregisterurl --record-path /tmp/dabin-xcode-full-qa-20261004/Build/Intermediates.noindex/XCBuildData/registered-launchservices.txt -- /System/Library/Frameworks/CoreServices.framework/Versions/Current/Frameworks/LaunchServices.framework/Versions/Current/Support/lsregister -f -R -trusted /tmp/dabin-xcode-full-qa-20261004/Build/Products/Debug/DaBin.app

PruneExplicitPrecompiledModules /tmp/dabin-xcode-full-qa-20261004/SDKExplicitPrecompiledModules

PruneExplicitPrecompiledModules /tmp/dabin-xcode-full-qa-20261004/Build/Intermediates.noindex/ExplicitPrecompiledModules

PruneExplicitPrecompiledModules /tmp/dabin-xcode-full-qa-20261004/Build/Intermediates.noindex/SwiftExplicitPrecompiledModules

** TEST BUILD SUCCEEDED **

