Compiling app-store Release test module (137 production sources)…
FAILED WorkspaceTests
FAILED ArchiveBackupTests
PASSED CaptureRemovalTests: PASS: 76 capture removal/minimize checks
PASSED HourlyGroupingTests: PASS: 31 hourly grouping checks; action identity, fourth-action threshold, filters, fixed local hours, stable IDs and accessible collapse.
PASSED WeeklyStateTests: PASS: 186 weekly state checks; isolated store, local calendar, fake notifications.
PASSED SearchDateBoardTests: PASS: 44 date search grouping, chronology, note semantics, context counts and bounded paging checks
PASSED SearchResultExcerptTests: PASS: 21 search result excerpt bounds, matching evidence, labels and Unicode checks
PASSED CaptureAnnotationTests: PASS: 96 annotation checks; legacy threads, edits, exact comment deletion/additive Undo, search/export, restart/backup, exact reminder/focus acknowledgments and atomic rollback.
PASSED CommentDraftArchiveTests: PASS: 37 comment draft checks; legacy compatibility, recoverable composer/edit identity, posting/failure and unrelated task-draft preservation.
PASSED ProjectWorkspaceStateTests: PASS: 265 project-workspace checks; stable ordering, scoped selection, complete project counts, backup-compatible persistence, atomic task conversion, inherited ownership and guarded undo.
PASSED ProjectWorkspaceViewTests: PASS: 361 project workspace UI checks; 1,000 synthetic text captures plus image and editable project note; native mixed-selection drag payloads on a private pasteboard; no personal archive, network, general clipboard or external opening. At most 24 simultaneously materialized native rows.
PASSED ProjectWorkspaceCardTests: PASS: 782 project card checks; Task/Note/Capture semantics, real live task updates, light/dark/grid/320-point compact fixtures, original previews and independent selection; no personal archive, clipboard, network, or external opening.
PASSED NavigationHistoryTests: PASS: 123 bounded history, branch, project, draft, search, deletion and navigation safety checks
PASSED DurabilityStressTests: PASS: 8586 durability checks; 1000 seeded records, 320 mixed operations, 25 restart comparisons, backup/restore and 4 real SIGKILL boundaries.
PASSED FlowActionStressTests: PASS: 11674 flow/action stress checks; all12 routes, bounded branch/history churn, pending draft ownership, atomic failed-save retries, comments/checklists, timing/lifecycle, private copying, Inbox/organization, removal/restore and repeated local restart. Semantic handlers only; native activation, system dialogs, rendering and animation are separate coverage.
PASSED WeeklyWindowTests
PASSED WorkspaceWindowTests: PASS: 322 native workspace interaction and responsive layout checks
PASSED TaskPlanInteractionTests: PASS: 379 native task-plan/checklist/reminder binding, focus, persistence, validation and responsive checks; renders: /Users/roeylibfeld/Documents/KARI Creatives/DaBin/native/build/qa/card-delete-20261005T133807Z/task-plan
PASSED CaptureExtendedInteractionTests
PASSED CollectionCardPresentationTests: PASS: 1359 collection selection, layout, native preview, theme, AX expansion and data preservation checks. /Users/roeylibfeld/Documents/KARI Creatives/DaBin/native/build/qa/collection-card-presentation/F1D8AEE7-1D50-4C8D-AE34-7182138699D1
/var/folders/qy/zfgc4dgx02x2k_c04330ghy00000gn/T/dabin-search-qa-lolujcyw/DaBin Search QA.app/Contents/Frameworks/libDaBinTestCore.dylib: replacing existing signature
/var/folders/qy/zfgc4dgx02x2k_c04330ghy00000gn/T/dabin-search-qa-lolujcyw/DaBin Search QA.app: replacing existing signature
PASSED SearchWindowTests: PASS: 106 native global Search checks; keyboard verification passed: native focus, Tab retained filter focus with Keyboard Navigation disabled, Escape dismissal and Return activates Done.
PASSED ProjectBrowsingNavigationTests: PASS: 74 native project browsing checks; real Board All/Unfiled/named history, native cross-project Notes/retry, late-blocked selection/creation and metadata-filing isolation
PASSED SnippetNamingInteractionTests: PASS: 51 native Projects Clipboard/Shelf naming checks; real More dispatch, native text entry, retained failed drafts, visible retry, exactly-once save, restart, cancellation, and immutable capture; no general clipboard or external access
COMPILE_FAILED CardDeletionInteractionTests
QA app-store failed: 21/24 requested suites passed. Report: /Users/roeylibfeld/Documents/KARI Creatives/DaBin/native/build/qa/runs/20261005T134458308587Z-app-store/report.json
