PASS: Bundle identifier is configured (ownership must be verified in the developer account)
PASS: Productivity category is configured
PASS: Copyright is present (publisher must confirm ownership)
PASS: Marketing version has a numeric release format
PASS: Build number has a numeric release format
PASS: Export compliance declares only absent or exempt encryption
PASS: App Sandbox is enabled
PASS: Source entitlement file does not allow debugger attachment
PASS: Bundled manifest declares no tracking
PASS: Manifest contains the collected-data declaration
PASS: Readable in-app privacy policy resource exists
PASS: Xcode project includes PrivacyInfo.xcprivacy
PASS: Xcode project includes PrivacyPolicy.md
PASS: Xcode project includes PrivacyInformation.swift
PASS: Xcode Store builds compile the Store-managed update stub, not the direct downloader
PASS: The direct update helper and feed are limited to the standalone build path
PASS: Minimum supported macOS is 14.0
PASS: Xcode project includes every current production source and required resource
PASS: Generated project and shared scheme match the deterministic source inventory
PASS: Debug and Release app/test/project configurations target ARM64 and macOS 14
PASS: All configurations enforce Swift warnings; Release uses whole-module optimization

Source packaging checks passed. Signing, public URLs, Xcode, and App Store approval are not verified.

Exit status: 0
