Command line invocation:
    /Applications/Xcode.app/Contents/Developer/usr/bin/xcodebuild -project native/DaBin.xcodeproj -scheme DaBin -configuration Release -destination generic/platform=macOS -derivedDataPath build/app-store-2026-10-02/archive-derived-data -archivePath /private/tmp/DaBin-AppStore-2026-10-02-SWUyJN/DaBin-0.4.19-74.xcarchive -disableAutomaticPackageResolution -skipPackageUpdates CODE_SIGN_STYLE=Manual DEVELOPMENT_TEAM=8QG4967CSU CODE_SIGN_IDENTITY=7A381F9E6466C3E2CA33AD38660334C08FB30232 PROVISIONING_PROFILE=d9f1e483-830d-4ab5-90ac-6980c42b64d0 "PROVISIONING_PROFILE_SPECIFIER=Mac Team Store Provisioning Profile: com.dabin.mac" OTHER_CODE_SIGN_FLAGS=--timestamp=none ARCHS=arm64 ONLY_ACTIVE_ARCH=NO SWIFT_ACTIVE_COMPILATION_CONDITIONS= INFOPLIST_FILE=/private/tmp/DaBin-AppStore-2026-10-02-SWUyJN/Store-Info.plist archive

Build settings from command line:
    ARCHS = arm64
    CODE_SIGN_IDENTITY = 7A381F9E6466C3E2CA33AD38660334C08FB30232
    CODE_SIGN_STYLE = Manual
    DEVELOPMENT_TEAM = 8QG4967CSU
    INFOPLIST_FILE = /private/tmp/DaBin-AppStore-2026-10-02-SWUyJN/Store-Info.plist
    ONLY_ACTIVE_ARCH = NO
    OTHER_CODE_SIGN_FLAGS = --timestamp=none
    PROVISIONING_PROFILE = d9f1e483-830d-4ab5-90ac-6980c42b64d0
    PROVISIONING_PROFILE_SPECIFIER = Mac Team Store Provisioning Profile: com.dabin.mac
    SWIFT_ACTIVE_COMPILATION_CONDITIONS =

note: Using codesigning identity override: 7A381F9E6466C3E2CA33AD38660334C08FB30232
ComputePackagePrebuildTargetDependencyGraph

Prepare packages

CreateBuildRequest

SendProjectDescription

CreateBuildOperation

ComputeTargetDependencyGraph
note: Building targets in dependency order
note: Target dependency graph (1 target)
    Target 'DaBin' in project 'DaBin' (no dependencies)

GatherProvisioningInputs

CreateBuildDescription

ExecuteExternalTool /Applications/Xcode.app/Contents/Developer/Toolchains/XcodeDefault.xctoolchain/usr/bin/clang -v -E -dM -isysroot /Applications/Xcode.app/Contents/Developer/Platforms/MacOSX.platform/Developer/SDKs/MacOSX27.0.sdk -x c -c /dev/null

ExecuteExternalTool /Applications/Xcode.app/Contents/Developer/Toolchains/XcodeDefault.xctoolchain/usr/bin/swiftc --version

ExecuteExternalTool /Applications/Xcode.app/Contents/Developer/Toolchains/XcodeDefault.xctoolchain/usr/bin/ld -version_details

Build description signature: 4f9a7f54c8a1ef9970ab9bed06863524
Build description path: /Users/roeylibfeld/Documents/KARI Creatives/DaBin/build/app-store-2026-10-02/archive-derived-data/Build/Intermediates.noindex/ArchiveIntermediates/DaBin/IntermediateBuildFilesPath/XCBuildData/4f9a7f54c8a1ef9970ab9bed06863524.xcbuilddata
/Users/roeylibfeld/Documents/KARI Creatives/DaBin/native/DaBin.xcodeproj: error: Provisioning profile "Mac Team Store Provisioning Profile: com.dabin.mac" is Xcode managed, but signing settings require a manually managed profile. (in target 'DaBin' from project 'DaBin')
** ARCHIVE FAILED **


The following build commands failed:
	Archiving project DaBin with scheme DaBin
(1 failure)
