Compiling Release test module (121 production sources)…
BLOCKED ProjectFileArchiveTests: production module did not compile
BLOCKED ExplorerTransferTests: production module did not compile
BLOCKED ExplorerQueryTests: production module did not compile
BLOCKED CaptureProvenanceTests: production module did not compile
BLOCKED TaskFocusTests: production module did not compile
BLOCKED ProjectPickerTests: production module did not compile
BLOCKED QuickAccessTests: production module did not compile
BLOCKED ProductFoundationTests: production module did not compile
BLOCKED ConnectedWorkflowTests: production module did not compile
BLOCKED WorkInboxTests: production module did not compile
BLOCKED WorkspaceTests: production module did not compile
BLOCKED ManualCaptureLifecycleTests: production module did not compile
BLOCKED ArchiveRecoveryTests: production module did not compile
BLOCKED ArchiveBackupTests: production module did not compile
BLOCKED ThemeSettingsTests: production module did not compile
BLOCKED PrivacyInformationTests: production module did not compile
BLOCKED DomainTests: production module did not compile
BLOCKED ArchiveLayoutTests: production module did not compile
BLOCKED ArchiveStoreTests: production module did not compile
BLOCKED DeferredArchiveRepairTests: production module did not compile
BLOCKED RepositoryBatchTests: production module did not compile
BLOCKED CaptureRemovalTests: production module did not compile
BLOCKED ServiceTests: production module did not compile
BLOCKED QAStorageScopedSaveTests: production module did not compile
BLOCKED QALifecycleTests: production module did not compile
BLOCKED ApplicationLifecycleTests: production module did not compile
BLOCKED PreviewLifecycleTests: production module did not compile
BLOCKED TaskStateTests: production module did not compile
BLOCKED TaskPlanningTests: production module did not compile
BLOCKED CaptureActionTests: production module did not compile
BLOCKED CaptureClipboardTests: production module did not compile
BLOCKED ClipboardRetentionTests: production module did not compile
BLOCKED CaptureTaskConversionTests: production module did not compile
BLOCKED LocalContentSearchTests: production module did not compile
BLOCKED LocalDOCXTextExtractorTests: production module did not compile
BLOCKED SearchScopeStateTests: production module did not compile
BLOCKED HourlyGroupingTests: production module did not compile
BLOCKED DayExportTests: production module did not compile
BLOCKED DayExportUITests: production module did not compile
BLOCKED WeeklyStateTests: production module did not compile
BLOCKED InputTests: production module did not compile
BLOCKED AutoCaptureServiceTests: production module did not compile
BLOCKED AutoCaptureRobotPresenterTests: production module did not compile
BLOCKED AutoCaptureRobotCelebrationTests: production module did not compile
BLOCKED SoftwareUpdateTests: production module did not compile
BLOCKED UpdateConfigurationTests: production module did not compile
BLOCKED RobotMotionTests: production module did not compile
BLOCKED IslandRobotChoreographyTests: production module did not compile
BLOCKED RobotLifecycleTests: production module did not compile
BLOCKED RobotAppFrameTests: production module did not compile
BLOCKED QuietOrbitRenderTests: production module did not compile
BLOCKED RobotProjectSignRenderTests: production module did not compile
BLOCKED AutoCaptureSignMotionTests: production module did not compile
BLOCKED AutoCaptureSignPresenterTests: production module did not compile
BLOCKED AutoCaptureSignRenderTests: production module did not compile
BLOCKED CapturePreviewPerformanceTests: production module did not compile
BLOCKED BoredRobotArtworkTests: production module did not compile
BLOCKED TooltipBehaviorTests: production module did not compile
BLOCKED SearchDateBoardTests: production module did not compile
BLOCKED SearchResultExcerptTests: production module did not compile
BLOCKED ProjectWorkspaceStateTests: production module did not compile
BLOCKED ProjectWorkspaceExportTests: production module did not compile
BLOCKED ProjectWorkspaceViewTests: production module did not compile
BLOCKED ProjectWorkspaceCardTests: production module did not compile
BLOCKED RedesignInteractionTests: production module did not compile
BLOCKED WindowResizeInteractionTests: production module did not compile
BLOCKED WindowTests: production module did not compile
BLOCKED WeeklyWindowTests: production module did not compile
BLOCKED FilterResizeTests: production module did not compile
BLOCKED RobotDropTests: production module did not compile
BLOCKED DailyCaptureTests: production module did not compile
BLOCKED HeaderInteractionTests: production module did not compile
BLOCKED WorkspaceWindowTests: production module did not compile
BLOCKED RobotWindowTransitionTests: production module did not compile
BLOCKED DetailPreviewInteractionTests: production module did not compile
BLOCKED CaptureTimestampPresentationTests: production module did not compile
BLOCKED RobotVisualConsistencyTests: production module did not compile
BLOCKED NativeTooltipPreferenceTests: production module did not compile
BLOCKED TooltipPresentationTests: production module did not compile
BLOCKED RobotCloseVisualTests: production module did not compile
BLOCKED CollectionCardPresentationTests: production module did not compile
BLOCKED TaskTimerRobotTests: production module did not compile
BLOCKED ExplorerCaptureCardPresentationTests: production module did not compile
BLOCKED AutoCaptureExplorerResponsivenessTests: production module did not compile
BLOCKED ExplorerKeyboardTests: production module did not compile
BLOCKED NotificationPresentationTests: production module did not compile
BLOCKED WindowChromePresentationTests: production module did not compile
BLOCKED ProjectRecordingRobotTests: production module did not compile
BLOCKED SearchWindowTests: production module did not compile
BLOCKED TaskPriorityTagTests: production module did not compile
BLOCKED LocalFileLocationTests: production module did not compile
BLOCKED NativeContentDragTests: production module did not compile
BLOCKED SearchInputTests: production module did not compile
QA invalidated_by_source_changes: 0/93 requested suites passed. Report: /private/tmp/dabin-full-qa-20261004/native/build/qa/runs/20261003T222340813906Z/report.json
