DABIN_QA_WARNING_STACK_BEGIN
WARNING: Application performed a reentrant operation in its NSTableView delegate. This warning will become an assert in the future.
0   libDaBinQAWarnTrace.dylib           0x0000000100a50908 traceWarning + 176
1   libDaBinQAWarnTrace.dylib           0x0000000100a5081c tracedNSLog + 64
2   AppKit                              0x00000001905bd3d4 -[NSTableRowHeightData _cacheRowSpansInRange:heightProvider:] + 92
3   AppKit                              0x00000001905bbb48 -[NSTableRowHeightData _cacheRowSpansInRange:] + 100
4   Foundation                          0x000000018cbc9d14 __NSINDEXSET_IS_CALLING_OUT_TO_A_RANGE_BLOCK__ + 24
5   Foundation                          0x000000018cbe2ef4 __NSIndexSetEnumerate + 1312
6   AppKit                              0x00000001905bd81c -[NSTableRowHeightData _estimatedSpanForRow:cacheIfNecessary:] + 256
7   AppKit                              0x00000001905bad14 -[NSTableRowHeightData _estimatedSpanForRowsInRange:] + 72
8   AppKit                              0x00000001905badcc -[NSTableRowHeightData computeTotalRowsSpanAssumingNumberOfRows:] + 140
9   AppKit                              0x000000018f84ad7c -[NSTableView _totalHeightOfTableView] + 72
10  AppKit                              0x000000018f84abe8 -[NSTableView _minimumFrameSize] + 72
11  AppKit                              0x00000001903d99e0 -[NSTableView _updateTableViewSize] + 60
12  AppKit                              0x00000001905bd9ac -[NSTableRowHeightData _adjustRowSpansStartingAtRow:] + 136
13  AppKit                              0x00000001905bd66c -[NSTableRowHeightData _cacheRowSpansInRange:heightProvider:] + 756
14  AppKit                              0x00000001905bbb48 -[NSTableRowHeightData _cacheRowSpansInRange:] + 100
15  Foundation                          0x000000018cbc9d14 __NSINDEXSET_IS_CALLING_OUT_TO_A_RANGE_BLOCK__ + 24
16  Foundation                          0x000000018cbe2ef4 __NSIndexSetEnumerate + 1312
17  AppKit                              0x00000001905bd81c -[NSTableRowHeightData _estimatedSpanForRow:cacheIfNecessary:] + 256
18  AppKit                              0x00000001905bacfc -[NSTableRowHeightData _estimatedSpanForRowsInRange:] + 48
19  AppKit                              0x00000001905bae30 -[NSTableRowHeightData computeTotalRowsSpan] + 68
20  AppKit                              0x00000001905bb040 -[NSTableRowHeightData _estimatedRowAtOffset:] + 36
21  AppKit                              0x000000018f85ddd8 -[NSTableView rowAtPoint:] + 204
22  AppKit                              0x000000019064f53c -[NSTableRowData _keepTopRowStableAtLeastOnce:andDoWorkUntilDone:] + 192
23  AppKit                              0x000000018f86c0e8 -[NSTableRowData _updateVisibleViewsBasedOnUpdateItems] + 1332
24  AppKit                              0x000000018f855250 -[NSTableRowData endUpdates] + 352
25  AppKit                              0x000000018f8550ac -[NSTableView _endUpdateWithTile:] + 108
26  AppKit                              0x000000018f906de4 -[NSTableView endUpdates] + 28
27  SwiftUI                             0x00000001c12f9cec $s7SwiftUI22OutlineListCoordinatorC8diffRows2of2toyAA0a9UIOutlineD4ViewC_AA0kD4TreeVtF + 96
28  SwiftUI                             0x00000001c12f5998 $s7SwiftUI22OutlineListCoordinatorC6update4diff04viewD4Tree13configureRows18idSelectionChanged010navigationm4SeedN0011templateRowN011transactionySb_AA04ViewdI0VS4bAA11TransactionVtFyycfU_yyXEfU_ + 176
29  SwiftUI                             0x00000001c12ef6d4 $s7SwiftUI22OutlineListCoordinatorC24withSelectionUpdateGuard33_BE7B171B0BEE2A9E27ED12968C3771F8LLyySS_yyXEtF + 1168
30  SwiftUI                             0x00000001c12f5688 $s7SwiftUI22OutlineListCoordinatorC6update4diff04viewD4Tree13configureRows18idSelectionChanged010navigationm4SeedN0011templateRowN011transactionySb_AA04ViewdI0VS4bAA11TransactionVtFyycfU_ + 900
31  SwiftUICore                         0x0000000238c94d44 $s7SwiftUI6UpdateO15dispatchActionsyyFZ + 1660
32  SwiftUICore                         0x0000000238c93b68 $s7SwiftUI6UpdateO3endyyFZ + 72
33  SwiftUI                             0x00000001c0f8e98c $s7SwiftUI13NSHostingViewC13responderNodeAA09ResponderF0CSgvg + 272
34  SwiftUI                             0x00000001c0aeb890 $s7SwiftUI14FocusNavigatorV8allItemsAA0C18NavigationSequenceVSgvg + 364
35  SwiftUI                             0x00000001c0ef3f64 $s7SwiftUI11FocusBridgeC24updateDefaultKeyViewLoopSo6NSViewCSgyF + 1160
36  SwiftUI                             0x00000001c0faeba0 $s7SwiftUI13NSHostingViewC023_recursiveSetDefaultKeyD4LoopSo6NSViewCSgyFTm + 76
37  SwiftUI                             0x00000001c0fae250 $s7SwiftUI13NSHostingViewC023_recursiveSetDefaultKeyD4LoopSo6NSViewCSgyFTo + 48
38  AppKit                              0x000000018f864ea8 -[NSView _setDefaultKeyViewLoop] + 240
39  AppKit                              0x000000018f8d0da0 -[NSWindow recalculateKeyViewLoop] + 72
40  AppKit                              0x000000018f8d0b34 -[NSWindow _setUpFirstResponder] + 168
41  AppKit                              0x000000018f8cdfb4 -[NSWindow _doWindowWillBeVisibleAsSheet:] + 108
42  AppKit                              0x000000019051e57c -[NSWindow _reallyDoOrderWindowAboveOrBelow:] + 1092
43  AppKit                              0x000000019051f138 -[NSWindow _reallyDoOrderWindow:] + 64
44  AppKit                              0x000000019051fb10 __27-[NSWindow _doOrderWindow:]_block_invoke.750 + 44
45  AppKit                              0x000000018f8172d8 NSPerformVisuallyAtomicChange + 128
46  AppKit                              0x000000019051f62c -[NSWindow _doOrderWindow:] + 924
47  ProjectWorkspaceViewTests           0x00000001009cac94 $s25ProjectWorkspaceViewTestsAA33_36E5A91EF594616EE8D7F603CD43A886LLC3runyyYaKFZTY4_ + 8704
48  ProjectWorkspaceViewTests           0x00000001009c6835 $s25ProjectWorkspaceViewTestsAA33_36E5A91EF594616EE8D7F603CD43A886LLC29applicationDidFinishLaunchingyy10Foundation12NotificationVFyyYacfU_TQ0_ + 1
49  ProjectWorkspaceViewTests           0x0000000100a00c25 $sxIeAgHr_xs5Error_pIegHrzo_s8SendableRzs5NeverORs_r0_lTRSo7AXErrorV_TG5TA.151TQ0_ + 1
50  ProjectWorkspaceViewTests           0x0000000100a0781d $sxIeAgHr_xs5Error_pIegHrzo_s8SendableRzs5NeverORs_r0_lTRyt_Tg5TQ0_ + 1
51  ProjectWorkspaceViewTests           0x0000000100a07819 $sxIeAgHr_xs5Error_pIegHrzo_s8SendableRzs5NeverORs_r0_lTRyt_Tg5TA.10TQ0_ + 1
52  libswift_Concurrency.dylib          0x00000002909ffec5 _ZL23completeTaskWithClosurePN5swift12AsyncContextEPNS_10SwiftErrorE + 1
DABIN_QA_WARNING_STACK_END
DABIN_QA_WARNING_STACK_BEGIN
WARNING: Application performed a reentrant operation in its NSTableView delegate. This warning will become an assert in the future.
0   libDaBinQAWarnTrace.dylib           0x0000000100a50908 traceWarning + 176
1   libDaBinQAWarnTrace.dylib           0x0000000100a507a0 tracedNSLogv + 72
2   libDaBinQAWarnTrace.dylib           0x0000000100a50840 tracedNSLog + 100
3   AppKit                              0x00000001905bd3d4 -[NSTableRowHeightData _cacheRowSpansInRange:heightProvider:] + 92
4   AppKit                              0x00000001905bbb48 -[NSTableRowHeightData _cacheRowSpansInRange:] + 100
5   Foundation                          0x000000018cbc9d14 __NSINDEXSET_IS_CALLING_OUT_TO_A_RANGE_BLOCK__ + 24
6   Foundation                          0x000000018cbe2ef4 __NSIndexSetEnumerate + 1312
7   AppKit                              0x00000001905bd81c -[NSTableRowHeightData _estimatedSpanForRow:cacheIfNecessary:] + 256
8   AppKit                              0x00000001905bad14 -[NSTableRowHeightData _estimatedSpanForRowsInRange:] + 72
9   AppKit                              0x00000001905badcc -[NSTableRowHeightData computeTotalRowsSpanAssumingNumberOfRows:] + 140
10  AppKit                              0x000000018f84ad7c -[NSTableView _totalHeightOfTableView] + 72
11  AppKit                              0x000000018f84abe8 -[NSTableView _minimumFrameSize] + 72
12  AppKit                              0x00000001903d99e0 -[NSTableView _updateTableViewSize] + 60
13  AppKit                              0x00000001905bd9ac -[NSTableRowHeightData _adjustRowSpansStartingAtRow:] + 136
14  AppKit                              0x00000001905bd66c -[NSTableRowHeightData _cacheRowSpansInRange:heightProvider:] + 756
15  AppKit                              0x00000001905bbb48 -[NSTableRowHeightData _cacheRowSpansInRange:] + 100
16  Foundation                          0x000000018cbc9d14 __NSINDEXSET_IS_CALLING_OUT_TO_A_RANGE_BLOCK__ + 24
17  Foundation                          0x000000018cbe2ef4 __NSIndexSetEnumerate + 1312
18  AppKit                              0x00000001905bd81c -[NSTableRowHeightData _estimatedSpanForRow:cacheIfNecessary:] + 256
19  AppKit                              0x00000001905bacfc -[NSTableRowHeightData _estimatedSpanForRowsInRange:] + 48
20  AppKit                              0x00000001905bae30 -[NSTableRowHeightData computeTotalRowsSpan] + 68
21  AppKit                              0x00000001905bb040 -[NSTableRowHeightData _estimatedRowAtOffset:] + 36
22  AppKit                              0x000000018f85ddd8 -[NSTableView rowAtPoint:] + 204
23  AppKit                              0x000000019064f53c -[NSTableRowData _keepTopRowStableAtLeastOnce:andDoWorkUntilDone:] + 192
24  AppKit                              0x000000018f86c0e8 -[NSTableRowData _updateVisibleViewsBasedOnUpdateItems] + 1332
25  AppKit                              0x000000018f855250 -[NSTableRowData endUpdates] + 352
26  AppKit                              0x000000018f8550ac -[NSTableView _endUpdateWithTile:] + 108
27  AppKit                              0x000000018f906de4 -[NSTableView endUpdates] + 28
28  SwiftUI                             0x00000001c12f9cec $s7SwiftUI22OutlineListCoordinatorC8diffRows2of2toyAA0a9UIOutlineD4ViewC_AA0kD4TreeVtF + 96
29  SwiftUI                             0x00000001c12f5998 $s7SwiftUI22OutlineListCoordinatorC6update4diff04viewD4Tree13configureRows18idSelectionChanged010navigationm4SeedN0011templateRowN011transactionySb_AA04ViewdI0VS4bAA11TransactionVtFyycfU_yyXEfU_ + 176
30  SwiftUI                             0x00000001c12ef6d4 $s7SwiftUI22OutlineListCoordinatorC24withSelectionUpdateGuard33_BE7B171B0BEE2A9E27ED12968C3771F8LLyySS_yyXEtF + 1168
31  SwiftUI                             0x00000001c12f5688 $s7SwiftUI22OutlineListCoordinatorC6update4diff04viewD4Tree13configureRows18idSelectionChanged010navigationm4SeedN0011templateRowN011transactionySb_AA04ViewdI0VS4bAA11TransactionVtFyycfU_ + 900
32  SwiftUICore                         0x0000000238c94d44 $s7SwiftUI6UpdateO15dispatchActionsyyFZ + 1660
33  SwiftUICore                         0x0000000238c93b68 $s7SwiftUI6UpdateO3endyyFZ + 72
34  SwiftUI                             0x00000001c0f8e98c $s7SwiftUI13NSHostingViewC13responderNodeAA09ResponderF0CSgvg + 272
35  SwiftUI                             0x00000001c0aeb890 $s7SwiftUI14FocusNavigatorV8allItemsAA0C18NavigationSequenceVSgvg + 364
36  SwiftUI                             0x00000001c0ef3f64 $s7SwiftUI11FocusBridgeC24updateDefaultKeyViewLoopSo6NSViewCSgyF + 1160
37  SwiftUI                             0x00000001c0faeba0 $s7SwiftUI13NSHostingViewC023_recursiveSetDefaultKeyD4LoopSo6NSViewCSgyFTm + 76
38  SwiftUI                             0x00000001c0fae250 $s7SwiftUI13NSHostingViewC023_recursiveSetDefaultKeyD4LoopSo6NSViewCSgyFTo + 48
39  AppKit                              0x000000018f864ea8 -[NSView _setDefaultKeyViewLoop] + 240
40  AppKit                              0x000000018f8d0da0 -[NSWindow recalculateKeyViewLoop] + 72
41  AppKit                              0x000000018f8d0b34 -[NSWindow _setUpFirstResponder] + 168
42  AppKit                              0x000000018f8cdfb4 -[NSWindow _doWindowWillBeVisibleAsSheet:] + 108
43  AppKit                              0x000000019051e57c -[NSWindow _reallyDoOrderWindowAboveOrBelow:] + 1092
44  AppKit                              0x000000019051f138 -[NSWindow _reallyDoOrderWindow:] + 64
45  AppKit                              0x000000019051fb10 __27-[NSWindow _doOrderWindow:]_block_invoke.750 + 44
46  AppKit                              0x000000018f8172d8 NSPerformVisuallyAtomicChange + 128
47  AppKit                              0x000000019051f62c -[NSWindow _doOrderWindow:] + 924
48  ProjectWorkspaceViewTests           0x00000001009cac94 $s25ProjectWorkspaceViewTestsAA33_36E5A91EF594616EE8D7F603CD43A886LLC3runyyYaKFZTY4_ + 8704
49  ProjectWorkspaceViewTests           0x00000001009c6835 $s25ProjectWorkspaceViewTestsAA33_36E5A91EF594616EE8D7F603CD43A886LLC29applicationDidFinishLaunchingyy10Foundation12NotificationVFyyYacfU_TQ0_ + 1
50  ProjectWorkspaceViewTests           0x0000000100a00c25 $sxIeAgHr_xs5Error_pIegHrzo_s8SendableRzs5NeverORs_r0_lTRSo7AXErrorV_TG5TA.151TQ0_ + 1
51  ProjectWorkspaceViewTests           0x0000000100a0781d $sxIeAgHr_xs5Error_pIegHrzo_s8SendableRzs5NeverORs_r0_lTRyt_Tg5TQ0_ + 1
52  ProjectWorkspaceViewTests           0x0000000100a07819 $sxIeAgHr_xs5Error_pIegHrzo_s8SendableRzs5NeverORs_r0_lTRyt_Tg5TA.10TQ0_ + 1
53  libswift_Concurrency.dylib          0x00000002909ffec5 _ZL23completeTaskWithClosurePN5swift12AsyncContextEPNS_10SwiftErrorE + 1
DABIN_QA_WARNING_STACK_END
DABIN_QA_WARNING_STACK_BEGIN
WARNING: Application performed a reentrant operation in its NSTableView delegate. This warning will become an assert in the future.
0   libDaBinQAWarnTrace.dylib           0x0000000100a50908 traceWarning + 176
1   libDaBinQAWarnTrace.dylib           0x0000000100a507a0 tracedNSLogv + 72
2   libDaBinQAWarnTrace.dylib           0x0000000100a507c4 tracedNSLogv + 108
3   libDaBinQAWarnTrace.dylib           0x0000000100a50840 tracedNSLog + 100
4   AppKit                              0x00000001905bd3d4 -[NSTableRowHeightData _cacheRowSpansInRange:heightProvider:] + 92
5   AppKit                              0x00000001905bbb48 -[NSTableRowHeightData _cacheRowSpansInRange:] + 100
6   Foundation                          0x000000018cbc9d14 __NSINDEXSET_IS_CALLING_OUT_TO_A_RANGE_BLOCK__ + 24
7   Foundation                          0x000000018cbe2ef4 __NSIndexSetEnumerate + 1312
8   AppKit                              0x00000001905bd81c -[NSTableRowHeightData _estimatedSpanForRow:cacheIfNecessary:] + 256
9   AppKit                              0x00000001905bad14 -[NSTableRowHeightData _estimatedSpanForRowsInRange:] + 72
10  AppKit                              0x00000001905badcc -[NSTableRowHeightData computeTotalRowsSpanAssumingNumberOfRows:] + 140
11  AppKit                              0x000000018f84ad7c -[NSTableView _totalHeightOfTableView] + 72
12  AppKit                              0x000000018f84abe8 -[NSTableView _minimumFrameSize] + 72
13  AppKit                              0x00000001903d99e0 -[NSTableView _updateTableViewSize] + 60
14  AppKit                              0x00000001905bd9ac -[NSTableRowHeightDa