lib           0x0000000100a507c4 tracedNSLogv + 108
13757libDaBinQAWarnTrace.dylib           0x0000000100a507c4 tracedNSLogv + 108
13758libDaBinQAWarnTrace.dylib           0x0000000100a507c4 tracedNSLogv + 108
13759libDaBinQAWarnTrace.dylib           0x0000000100a507c4 tracedNSLogv + 108
13760libDaBinQAWarnTrace.dylib           0x0000000100a507c4 tracedNSLogv + 108
13761libDaBinQAWarnTrace.dylib           0x0000000100a507c4 tracedNSLogv + 108
13762libDaBinQAWarnTrace.dylib           0x0000000100a507c4 tracedNSLogv + 108
13763libDaBinQAWarnTrace.dylib           0x0000000100a507c4 tracedNSLogv + 108
13764libDaBinQAWarnTrace.dylib           0x0000000100a507c4 tracedNSLogv + 108
13765libDaBinQAWarnTrace.dylib           0x0000000100a507c4 tracedNSLogv + 108
13766libDaBinQAWarnTrace.dylib           0x0000000100a507c4 tracedNSLogv + 108
13767libDaBinQAWarnTrace.dylib           0x0000000100a507c4 tracedNSLogv + 108
13768libDaBinQAWarnTrace.dylib           0x0000000100a507c4 tracedNSLogv + 108
13769libDaBinQAWarnTrace.dylib           0x0000000100a507c4 tracedNSLogv + 108
13770libDaBinQAWarnTrace.dylib           0x0000000100a507c4 tracedNSLogv + 108
13771libDaBinQAWarnTrace.dylib           0x0000000100a507c4 tracedNSLogv + 108
13772libDaBinQAWarnTrace.dylib           0x0000000100a507c4 tracedNSLogv + 108
13773libDaBinQAWarnTrace.dylib           0x0000000100a507c4 tracedNSLogv + 108
13774libDaBinQAWarnTrace.dylib           0x0000000100a507c4 tracedNSLogv + 108
13775libDaBinQAWarnTrace.dylib           0x0000000100a507c4 tracedNSLogv + 108
13776libDaBinQAWarnTrace.dylib           0x0000000100a507c4 tracedNSLogv + 108
13777libDaBinQAWarnTrace.dylib           0x0000000100a507c4 tracedNSLogv + 108
13778libDaBinQAWarnTrace.dylib           0x0000000100a507c4 tracedNSLogv + 108
13779libDaBinQAWarnTrace.dylib           0x0000000100a507c4 tracedNSLogv + 108
13780libDaBinQAWarnTrace.dylib           0x0000000100a507c4 tracedNSLogv + 108
13781libDaBinQAWarnTrace.dylib           0x0000000100a507c4 tracedNSLogv + 108
13782libDaBinQAWarnTrace.dylib           0x0000000100a507c4 tracedNSLogv + 108
13783libDaBinQAWarnTrace.dylib           0x0000000100a507c4 tracedNSLogv + 108
13784libDaBinQAWarnTrace.dylib           0x0000000100a507c4 tracedNSLogv + 108
13785libDaBinQAWarnTrace.dylib           0x0000000100a507c4 tracedNSLogv + 108
13786libDaBinQAWarnTrace.dylib           0x0000000100a507c4 tracedNSLogv + 108
13787libDaBinQAWarnTrace.dylib           0x0000000100a507c4 tracedNSLogv + 108
13788libDaBinQAWarnTrace.dylib           0x0000000100a507c4 tracedNSLogv + 108
13789libDaBinQAWarnTrace.dylib           0x0000000100a507c4 tracedNSLogv + 108
13790libDaBinQAWarnTrace.dylib           0x0000000100a507c4 tracedNSLogv + 108
13791libDaBinQAWarnTrace.dylib           0x0000000100a507c4 tracedNSLogv + 108
13792libDaBinQAWarnTrace.dylib           0x0000000100a507c4 tracedNSLogv + 108
13793libDaBinQAWarnTrace.dylib           0x0000000100a507c4 tracedNSLogv + 108
13794libDaBinQAWarnTrace.dylib           0x0000000100a507c4 tracedNSLogv + 108
13795libDaBinQAWarnTrace.dylib           0x0000000100a507c4 tracedNSLogv + 108
13796libDaBinQAWarnTrace.dylib           0x0000000100a507c4 tracedNSLogv + 108
13797libDaBinQAWarnTrace.dylib           0x0000000100a507c4 tracedNSLogv + 108
13798libDaBinQAWarnTrace.dylib           0x0000000100a507c4 tracedNSLogv + 108
13799libDaBinQAWarnTrace.dylib           0x0000000100a507c4 tracedNSLogv + 108
13800libDaBinQAWarnTrace.dylib           0x0000000100a507c4 tracedNSLogv + 108
13801libDaBinQAWarnTrace.dylib           0x0000000100a507c4 tracedNSLogv + 108
13802libDaBinQAWarnTrace.dylib           0x0000000100a507c4 tracedNSLogv + 108
13803libDaBinQAWarnTrace.dylib           0x0000000100a507c4 tracedNSLogv + 108
13804libDaBinQAWarnTrace.dylib           0x0000000100a507c4 tracedNSLogv + 108
13805libDaBinQAWarnTrace.dylib           0x0000000100a507c4 tracedNSLogv + 108
13806libDaBinQAWarnTrace.dylib           0x0000000100a507c4 tracedNSLogv + 108
13807libDaBinQAWarnTrace.dylib           0x0000000100a507c4 tracedNSLogv + 108
13808libDaBinQAWarnTrace.dylib           0x0000000100a507c4 tracedNSLogv + 108
13809libDaBinQAWarnTrace.dylib           0x0000000100a507c4 tracedNSLogv + 108
13810libDaBinQAWarnTrace.dylib           0x0000000100a507c4 tracedNSLogv + 108
13811libDaBinQAWarnTrace.dylib           0x0000000100a507c4 tracedNSLogv + 108
13812libDaBinQAWarnTrace.dylib           0x0000000100a507c4 tracedNSLogv + 108
13813libDaBinQAWarnTrace.dylib           0x0000000100a507c4 tracedNSLogv + 108
13814libDaBinQAWarnTrace.dylib           0x0000000100a507c4 tracedNSLogv + 108
13815libDaBinQAWarnTrace.dylib           0x0000000100a507c4 tracedNSLogv + 108
13816libDaBinQAWarnTrace.dylib           0x0000000100a507c4 tracedNSLogv + 108
13817libDaBinQAWarnTrace.dylib           0x0000000100a507c4 tracedNSLogv + 108
13818libDaBinQAWarnTrace.dylib           0x0000000100a507c4 tracedNSLogv + 108
13819libDaBinQAWarnTrace.dylib           0x0000000100a507c4 tracedNSLogv + 108
13820libDaBinQAWarnTrace.dylib           0x0000000100a507c4 tracedNSLogv + 108
13821libDaBinQAWarnTrace.dylib           0x0000000100a507c4 tracedNSLogv + 108
13822libDaBinQAWarnTrace.dylib           0x0000000100a507c4 tracedNSLogv + 108
13823libDaBinQAWarnTrace.dylib           0x0000000100a507c4 tracedNSLogv + 108
13824libDaBinQAWarnTrace.dylib           0x0000000100a507c4 tracedNSLogv + 108
13825libDaBinQAWarnTrace.dylib           0x0000000100a507c4 tracedNSLogv + 108
13826libDaBinQAWarnTrace.dylib           0x0000000100a507c4 tracedNSLogv + 108
13827libDaBinQAWarnTrace.dylib           0x0000000100a507c4 tracedNSLogv + 108
13828libDaBinQAWarnTrace.dylib           0x0000000100a507c4 tracedNSLogv + 108
13829libDaBinQAWarnTrace.dylib           0x0000000100a507c4 tracedNSLogv + 108
13830libDaBinQAWarnTrace.dylib           0x0000000100a507c4 tracedNSLogv + 108
13831libDaBinQAWarnTrace.dylib           0x0000000100a507c4 tracedNSLogv + 108
13832libDaBinQAWarnTrace.dylib           0x0000000100a507c4 tracedNSLogv + 108
13833libDaBinQAWarnTrace.dylib           0x0000000100a507c4 tracedNSLogv + 108
13834libDaBinQAWarnTrace.dylib           0x0000000100a507c4 tracedNSLogv + 108
13835libDaBinQAWarnTrace.dylib           0x0000000100a507c4 tracedNSLogv + 108
13836libDaBinQAWarnTrace.dylib           0x0000000100a507c4 tracedNSLogv + 108
13837libDaBinQAWarnTrace.dylib           0x0000000100a507c4 tracedNSLogv + 108
13838libDaBinQAWarnTrace.dylib           0x0000000100a507c4 tracedNSLogv + 108
13839libDaBinQAWarnTrace.dylib           0x0000000100a507c4 tracedNSLogv + 108
13840libDaBinQAWarnTrace.dylib           0x0000000100a507c4 tracedNSLogv + 108
13841libDaBinQAWarnTrace.dylib           0x0000000100a507c4 tracedNSLogv + 108
13842libDaBinQAWarnTrace.dylib           0x0000000100a507c4 tracedNSLogv + 108
13843libDaBinQAWarnTrace.dylib           0x0000000100a507c4 tracedNSLogv + 108
13844libDaBinQAWarnTrace.dylib           0x0000000100a507c4 tracedNSLogv + 108
13845libDaBinQAWarnTrace.dylib           0x0000000100a507c4 tracedNSLogv + 108
13846libDaBinQAWarnTrace.dylib           0x0000000100a507c4 tracedNSLogv + 108
13847libDaBinQAWarnTrace.dylib           0x0000000100a507c4 tracedNSLogv + 108
13848libDaBinQAWarnTrace.dylib           0x0000000100a507c4 tracedNSLogv + 108
13849libDaBinQAWarnTrace.dylib           0x0000000100a507c4 tracedNSLogv + 108
13850libDaBinQAWarnTrace.dylib           0x0000000100a507c4 tracedNSLogv + 108
13851libDaBinQAWarnTrace.dylib           0x0000000100a507c4 tracedNSLogv + 108
13852libDaBinQAWarnTrace.dylib           0x0000000100a507c4 tracedNSLogv + 108
13853libDaBinQAWarnTrace.dylib           0x0000000100a507c4 tracedNSLogv + 108
13854libDaBinQAWarnTrace.dylib           0x0000000100a507c4 tracedNSLogv + 108
13855libDaBinQAWarnTrace.dylib           0x0000000100a507c4 tracedNSLogv + 108
13856libDaBinQAWarnTrace.dylib           0x0000000100a507c4 tracedNSLogv + 108
13857libDaBinQAWarnTrace.dylib           0x0000000100a507c4 tracedNSLogv + 108
13858libDaBinQAWarnTrace.dylib           0x0000000100a507c4 tracedNSLogv + 108
13859libDaBinQAWarnTrace.dylib           0x0000000100a507c4 tracedNSLogv + 108
13860libDaBinQAWarnTrace.dylib           0x0000000100a507c4 tracedNSLogv + 108
13861libDaBinQAWarnTrace.dylib           0x0000000100a507c4 tracedNSLogv + 108
13862libDaBinQAWarnTrace.dylib           0x0000000100a507c4 tracedNSLogv + 108
13863libDaBinQAWarnTrace.dylib           0x0000000100a507c4 tracedNSLogv + 108
13864libDaBinQAWarnTrace.dylib           0x0000000100a50840 tracedNSLog + 100
13865AppKit                              0x00000001905bd3d4 -[NSTableRowHeightData _cacheRowSpansInRange:heightProvider:] + 92
13866AppKit                              0x00000001905bbb48 -[NSTableRowHeightData _cacheRowSpansInRange:] + 100
13867Foundation                          0x000000018cbc9d14 __NSINDEXSET_IS_CALLING_OUT_TO_A_RANGE_BLOCK__ + 24
13868Foundation                          0x000000018cbe2ef4 __NSIndexSetEnumerate + 1312
13869AppKit                              0x00000001905bd81c -[NSTableRowHeightData _estimatedSpanForRow:cacheIfNecessary:] + 256
13870AppKit                              0x00000001905bad14 -[NSTableRowHeightData _estimatedSpanForRowsInRange:] + 72
13871AppKit                              0x00000001905badcc -[NSTableRowHeightData computeTotalRowsSpanAssumingNumberOfRows:] + 140
13872AppKit                              0x000000018f84ad7c -[NSTableView _totalHeightOfTableView] + 72
13873AppKit                              0x000000018f84abe8 -[NSTableView _minimumFrameSize] + 72
13874AppKit                              0x00000001903d99e0 -[NSTableView _updateTableViewSize] + 60
13875AppKit                              0x00000001905bd9ac -[NSTableRowHeightData _adjustRowSpansStartingAtRow:] + 136
13876AppKit                              0x00000001905bd66c -[NSTableRowHeightData _cacheRowSpansInRange:heightProvider:] + 756
13877AppKit                              0x00000001905bbb48 -[NSTableRowHeightData _cacheRowSpansInRange:] + 100
13878Foundation                          0x000000018cbc9d14 __NSINDEXSET_IS_CALLING_OUT_TO_A_RANGE_BLOCK__ + 24
13879Foundation                          0x000000018cbe2ef4 __NSIndexSetEnumerate + 1312
13880AppKit                              0x00000001905bd81c -[NSTableRowHeightData _estimatedSpanForRow:cacheIfNecessary:] + 256
13881AppKit                              0x00000001905bacfc -[NSTableRowHeightData _estimatedSpanForRowsInRange:] + 48
13882AppKit                              0x00000001905bae30 -[NSTableRowHeightData computeTotalRowsSpan] + 68
13883AppKit                              0x00000001905bb040 -[NSTableRowHeightData _estimatedRowAtOffset:] + 36
13884AppKit                              0x000000018f85ddd8 -[NSTableView rowAtPoint:] + 204
13885AppKit                              0x000000019064f53c -[NSTableRowData _keepTopRowStableAtLeastOnce:andDoWorkUntilDone:] + 192
13886AppKit                              0x000000018f86c0e8 -[NSTableRowData _updateVisibleViewsBasedOnUpdateItems] + 1332
13887AppKit                              0x000000018f855250 -[NSTableRowData endUpdates] + 352
13888AppKit                              0x000000018f8550ac -[NSTableView _endUpdateWithTile:] + 108
13889AppKit                              0x000000018f906de4 -[NSTableView endUpdates] + 28
13890SwiftUI                             0x00000001c12f9cec $s7SwiftUI22OutlineListCoordinatorC8diffRows2of2toyAA0a9UIOutlineD4ViewC_AA0kD4TreeVtF + 96
13891SwiftUI                             0x00000001c12f5998 $s7SwiftUI22OutlineListCoordinatorC6update4diff04viewD4Tree13configureRows18idSelectionChanged010navigationm4SeedN0011templateRowN011transactionySb_AA04ViewdI0VS4bAA11TransactionVtFyycfU_yyXEfU_ + 176
13892SwiftUI                             0x00000001c12ef6d4 $s7SwiftUI22OutlineListCoordinatorC24withSelectionUpdateGuard33_BE7B171B0BEE2A9E27ED12968C3771F8LLyySS_yyXEtF + 1168
13893SwiftUI                             0x00000001c12f5688 $s7SwiftUI22OutlineListCoordinatorC6update4diff04viewD4Tree13configureRows18idSelectionChanged010navigationm4SeedN0011templateRowN011transactionySb_AA04ViewdI0VS4bAA11TransactionVtFyycfU_ + 900
13894SwiftUICore                         0x0000000238c94d44 $s7SwiftUI6UpdateO15dispatchActionsyyFZ + 1660
13895SwiftUICore                         0x0000000238c93b68 $s7SwiftUI6UpdateO3endyyFZ + 72
13896SwiftUI                             0x00000001c0f8e98c $s7SwiftUI13NSHostingViewC13responderNodeAA09ResponderF0CSgvg + 272
13897SwiftUI                             0x00000001c0aeb890 $s7SwiftUI14FocusNavigatorV8allItemsAA0C18NavigationSequenceVSgvg + 364
13898SwiftUI                             0x00000001c0ef3f64 $s7SwiftUI11FocusBridgeC24updateDefaultKeyViewLoopSo6NSViewCSgyF + 1160
13899SwiftUI                             0x00000001c0faeba0 $s7SwiftUI13NSHostingViewC023_recursiveSetDefaultKeyD4LoopSo6NSViewCSgyFTm + 76
13900SwiftUI                             0x00000001c0fae250 $s7SwiftUI13NSHostingViewC023_recursiveSetDefaultKeyD4LoopSo6NSViewCSgyFTo + 48
13901AppKit                              0x000000018f864ea8 -[NSView _setDefaultKeyViewLoop] + 240
13902AppKit                              0x000000018f8d0da0 -[NSWindow recalculateKeyViewLoop] + 72
13903AppKit                              0x000000018f8d0b34 -[NSWindow _setUpFirstResponder] + 168
13904AppKit                              0x000000018f8cdfb4 -[NSWindow _doWindowWillBeVisibleAsSheet:] + 108
13905AppKit                              0x000000019051e57c -[NSWindow _reallyDoOrderWindowAboveOrBelow:] + 1092
13906AppKit                              0x000000019051f138 -[NSWindow _reallyDoOrderWindow:] + 64
13907AppKit                              0x000000019051fb10 __27-[NSWindow _doOrderWindow:]_block_invoke.750 + 44
13908AppKit                              0x000000018f8172d8 NSPerformVisuallyAtomicChange + 128
13909AppKit                              0x000000019051f62c -[NSWindow _doOrderWindow:] + 924
13910ProjectWorkspaceViewTests           0x00000001009cac94 $s25ProjectWorkspaceViewTestsAA33_36E5A91EF594616EE8D7F603CD43A886LLC3runyyYaKFZTY4_ + 8704
13911ProjectWorkspaceViewTests           0x00000001009c6835 $s25ProjectWorkspaceViewTestsAA33_36E5A91EF594616EE8D7F603CD43A886LLC29applicationDidFinishLaunchingyy10Foundation12NotificationVFyyYacfU_TQ0_ + 1
13912ProjectWorkspaceViewTests           0x0000000100a00c25 $sxIeAgHr_xs5Error_pIegHrzo_s8SendableRzs5NeverORs_r0_lTRSo7AXErrorV_TG5TA.151TQ0_ + 1
13913ProjectWorkspaceViewTests           0x0000000100a0781d $sxIeAgHr_xs5Error_pIegHrzo_s8SendableRzs5NeverORs_r0_lTRyt_Tg5TQ0_ + 1
13914ProjectWorkspaceViewTests           0x0000000100a07819 $sxIeAgHr_xs5Error_pIegHrzo_s8SendableRzs5NeverORs_r0_lTRyt_Tg5TA.10TQ0_ + 1
13915libswift_Concurrency.dylib          0x00000002909ffec5 _ZL23completeTaskWithClosurePN5swift12AsyncContextEPNS_10SwiftErrorE + 1
DABIN_QA_WARNING_STACK_END
FAIL: Project workspace view QA exceeded 90 seconds
