Input #0, image2, from '/Users/roeylibfeld/Documents/KARI Creatives/DaBin/native/build/island-preview/run.IzehKm/frames/frame-%05d.png':
  Duration: 00:00:14.37, start: 0.000000, bitrate: N/A
  Stream #0:0: Video: png, rgba(pc, gbr/bt709/iec61966-2-1), 900x600, 30 fps, 30 tbr, 30 tbn
Stream mapping:
  Stream #0:0 -> #0:0 (png (native) -> h264 (libx264))
Press [q] to stop, [?] for help
[libx264 @ 0x12961d0e0] using cpu capabilities: ARMv8 NEON
[libx264 @ 0x12961d0e0] profile High, level 3.1, 4:2:0, 8-bit
[libx264 @ 0x12961d0e0] 264 - core 164 r3190 7ed753b - H.264/MPEG-4 AVC codec - Copyleft 2003-2024 - http://www.videolan.org/x264.html - options: cabac=1 ref=3 deblock=1:0:0 analyse=0x3:0x113 me=hex subme=7 psy=1 psy_rd=1.00:0.00 mixed_ref=1 me_range=16 chroma_me=1 trellis=1 8x8dct=1 cqm=0 deadzone=21,11 fast_pskip=1 chroma_qp_offset=-2 threads=19 lookahead_threads=3 sliced_threads=0 nr=0 decimate=1 interlaced=0 bluray_compat=0 constrained_intra=0 bframes=3 b_pyramid=2 b_adapt=1 b_bias=0 direct=1 weightb=1 open_gop=0 weightp=2 keyint=250 keyint_min=25 scenecut=40 intra_refresh=0 rc_lookahead=40 rc=crf mbtree=1 crf=18.0 qcomp=0.60 qpmin=0 qpmax=69 qpstep=4 ip_ratio=1.40 aq=1:1.00
Output #0, mp4, to '/Users/roeylibfeld/Documents/KARI Creatives/DaBin/native/build/island-preview/run.IzehKm/DaBin-Island-Playground.mp4':
  Metadata:
    encoder         : Lavf61.7.100
  Stream #0:0: Video: h264 (avc1 / 0x31637661), yuv420p(tv, unknown/bt709/iec61966-2-1, progressive), 900x600, q=2-31, 30 fps, 15360 tbn
      Metadata:
        encoder         : Lavc61.19.100 libx264
      Side data:
        cpb: bitrate max/min/avg: 0/0/0 buffer size: 0 vbv_delay: N/A
[mp4 @ 0x12961a910] Starting second pass: moving the moov atom to the beginning of the file
[out#0/mp4 @ 0x12961cc50] video:423KiB audio:0KiB subtitle:0KiB other streams:0KiB global headers:0KiB muxing overhead: 1.340922%
frame=  431 fps=0.0 q=-1.0 Lsize=     429KiB time=00:00:14.30 bitrate= 245.9kbits/s speed=47.3x
[libx264 @ 0x12961d0e0] frame I:2     Avg QP: 8.73  size: 26686
[libx264 @ 0x12961d0e0] frame P:145   Avg QP:11.69  size:  1817
[libx264 @ 0x12961d0e0] frame B:284   Avg QP:16.62  size:   409
[libx264 @ 0x12961d0e0] consecutive B-frames:  7.2% 10.7% 12.5% 69.6%
[libx264 @ 0x12961d0e0] mb I  I16..4: 54.1% 33.7% 12.3%
[libx264 @ 0x12961d0e0] mb P  I16..4:  0.3%  0.7%  0.6%  P16..4:  3.6%  1.1%  0.9%  0.0%  0.0%    skip:92.8%
[libx264 @ 0x12961d0e0] mb B  I16..4:  0.0%  0.0%  0.0%  B16..8:  2.5%  0.8%  0.2%  direct: 0.1%  skip:96.3%  L0:45.5% L1:44.8% BI: 9.7%
[libx264 @ 0x12961d0e0] 8x8 transform intra:38.8% inter:58.7%
[libx264 @ 0x12961d0e0] coded y,uvDC,uvAC intra: 48.7% 42.7% 34.1% inter: 1.1% 0.4% 0.2%
[libx264 @ 0x12961d0e0] i16 v,h,dc,p: 47% 43%  7%  3%
[libx264 @ 0x12961d0e0] i8 v,h,dc,ddl,ddr,vr,hd,vl,hu:  8%  7% 79%  3%  0%  0%  1%  1%  1%
[libx264 @ 0x12961d0e0] i4 v,h,dc,ddl,ddr,vr,hd,vl,hu: 27% 35% 18%  4%  3%  4%  3%  3%  3%
[libx264 @ 0x12961d0e0] i8c dc,h,v,p: 57% 29% 12%  2%
[libx264 @ 0x12961d0e0] Weighted P-Frames: Y:0.0% UV:0.0%
[libx264 @ 0x12961d0e0] ref P L0: 78.1%  4.8% 10.0%  7.1%
[libx264 @ 0x12961d0e0] ref B L0: 78.7% 17.2%  4.1%
[libx264 @ 0x12961d0e0] ref B L1: 94.6%  5.4%
[libx264 @ 0x12961d0e0] kb/s:241.10
